Apr  7 06:58:57 localhost rsyslogd: [origin software="rsyslogd" swVersion="7.4.7" x-pid="642" x-info="http://www.rsyslog.com"] start
Apr  7 06:58:55 localhost journal: Runtime journal is using 8.0M (max allowed 138.7M, trying to leave 208.1M free of 1.3G available → current limit 138.7M).
Apr  7 06:58:55 localhost journal: Runtime journal is using 8.0M (max allowed 138.7M, trying to leave 208.1M free of 1.3G available → current limit 138.7M).
Apr  7 06:58:55 localhost kernel: Initializing cgroup subsys cpuset
Apr  7 06:58:55 localhost kernel: Initializing cgroup subsys cpu
Apr  7 06:58:55 localhost kernel: Initializing cgroup subsys cpuacct
Apr  7 06:58:55 localhost kernel: Linux version 3.10.0-327.28.3.el7.x86_64 (builder@kbuilder.dev.centos.org) (gcc version 4.8.3 20140911 (Red Hat 4.8.3-9) (GCC) ) #1 SMP Thu Aug 18 19:05:49 UTC 2016
Apr  7 06:58:55 localhost kernel: Command line: BOOT_IMAGE=/vmlinuz-3.10.0-327.28.3.el7.x86_64 root=/dev/mapper/VolGroup00-LogVol00 ro no_timer_check console=tty0 console=ttyS0,115200 net.ifnames=0 biosdevname=0 crashkernel=auto rd.lvm.lv=VolGroup00/LogVol00 rd.lvm.lv=VolGroup00/LogVol01 rhgb quiet
Apr  7 06:58:55 localhost kernel: e820: BIOS-provided physical RAM map:
Apr  7 06:58:55 localhost kernel: BIOS-e820: [mem 0x0000000000000000-0x000000000009fbff] usable
Apr  7 06:58:55 localhost kernel: BIOS-e820: [mem 0x000000000009fc00-0x000000000009ffff] reserved
Apr  7 06:58:55 localhost kernel: BIOS-e820: [mem 0x00000000000f0000-0x00000000000fffff] reserved
Apr  7 06:58:55 localhost kernel: BIOS-e820: [mem 0x0000000000100000-0x00000000bb7dbfff] usable
Apr  7 06:58:55 localhost kernel: BIOS-e820: [mem 0x00000000bb7dc000-0x00000000bb7fffff] reserved
Apr  7 06:58:55 localhost kernel: BIOS-e820: [mem 0x00000000feffc000-0x00000000feffffff] reserved
Apr  7 06:58:55 localhost kernel: BIOS-e820: [mem 0x00000000fffc0000-0x00000000ffffffff] reserved
Apr  7 06:58:55 localhost kernel: NX (Execute Disable) protection: active
Apr  7 06:58:55 localhost kernel: SMBIOS 2.8 present.
Apr  7 06:58:55 localhost kernel: Hypervisor detected: KVM
Apr  7 06:58:55 localhost kernel: AGP: No AGP bridge found
Apr  7 06:58:55 localhost kernel: e820: last_pfn = 0xbb7dc max_arch_pfn = 0x400000000
Apr  7 06:58:55 localhost kernel: x86 PAT enabled: cpu 0, old 0x7040600070406, new 0x7010600070106
Apr  7 06:58:55 localhost kernel: found SMP MP-table at [mem 0x000f6b60-0x000f6b6f] mapped at [ffff8800000f6b60]
Apr  7 06:58:55 localhost kernel: init_memory_mapping: [mem 0x00000000-0x000fffff]
Apr  7 06:58:55 localhost kernel: init_memory_mapping: [mem 0xbb400000-0xbb5fffff]
Apr  7 06:58:55 localhost kernel: init_memory_mapping: [mem 0xb8000000-0xbb3fffff]
Apr  7 06:58:55 localhost kernel: init_memory_mapping: [mem 0x80000000-0xb7ffffff]
Apr  7 06:58:55 localhost kernel: init_memory_mapping: [mem 0x00100000-0x7fffffff]
Apr  7 06:58:55 localhost kernel: init_memory_mapping: [mem 0xbb600000-0xbb7dbfff]
Apr  7 06:58:55 localhost kernel: RAMDISK: [mem 0x3582f000-0x36c0ffff]
Apr  7 06:58:55 localhost kernel: ACPI: RSDP 00000000000f6950 00014 (v00 BOCHS )
Apr  7 06:58:55 localhost kernel: ACPI: RSDT 00000000bb7e1903 00030 (v01 BOCHS  BXPCRSDT 00000001 BXPC 00000001)
Apr  7 06:58:55 localhost kernel: ACPI: FACP 00000000bb7e17d7 00074 (v01 BOCHS  BXPCFACP 00000001 BXPC 00000001)
Apr  7 06:58:55 localhost kernel: ACPI: DSDT 00000000bb7e0040 01797 (v01 BOCHS  BXPCDSDT 00000001 BXPC 00000001)
Apr  7 06:58:55 localhost kernel: ACPI: FACS 00000000bb7e0000 00040
Apr  7 06:58:55 localhost kernel: ACPI: APIC 00000000bb7e184b 00080 (v01 BOCHS  BXPCAPIC 00000001 BXPC 00000001)
Apr  7 06:58:55 localhost kernel: ACPI: HPET 00000000bb7e18cb 00038 (v01 BOCHS  BXPCHPET 00000001 BXPC 00000001)
Apr  7 06:58:55 localhost kernel: No NUMA configuration found
Apr  7 06:58:55 localhost kernel: Faking a node at [mem 0x0000000000000000-0x00000000bb7dbfff]
Apr  7 06:58:55 localhost kernel: Initmem setup node 0 [mem 0x00000000-0xbb7dbfff]
Apr  7 06:58:55 localhost kernel:  NODE_DATA [mem 0xbb7b5000-0xbb7dbfff]
Apr  7 06:58:55 localhost kernel: Reserving 161MB of memory at 688MB for crashkernel (System RAM: 2999MB)
Apr  7 06:58:55 localhost kernel: kvm-clock: Using msrs 4b564d01 and 4b564d00
Apr  7 06:58:55 localhost kernel: kvm-clock: cpu 0, msr 0:bb765001, primary cpu clock
Apr  7 06:58:55 localhost kernel: kvm-clock: using sched offset of 1627222756 cycles
Apr  7 06:58:55 localhost kernel: Zone ranges:
Apr  7 06:58:55 localhost kernel:  DMA      [mem 0x00001000-0x00ffffff]
Apr  7 06:58:55 localhost kernel:  DMA32    [mem 0x01000000-0xffffffff]
Apr  7 06:58:55 localhost kernel:  Normal   empty
Apr  7 06:58:55 localhost kernel: Movable zone start for each node
Apr  7 06:58:55 localhost kernel: Early memory node ranges
Apr  7 06:58:55 localhost kernel:  node   0: [mem 0x00001000-0x0009efff]
Apr  7 06:58:55 localhost kernel:  node   0: [mem 0x00100000-0xbb7dbfff]
Apr  7 06:58:55 localhost kernel: ACPI: PM-Timer IO Port: 0x608
Apr  7 06:58:55 localhost kernel: ACPI: LAPIC (acpi_id[0x00] lapic_id[0x00] enabled)
Apr  7 06:58:55 localhost kernel: ACPI: LAPIC (acpi_id[0x01] lapic_id[0x01] enabled)
Apr  7 06:58:55 localhost kernel: ACPI: LAPIC_NMI (acpi_id[0xff] dfl dfl lint[0x1])
Apr  7 06:58:55 localhost kernel: ACPI: IOAPIC (id[0x00] address[0xfec00000] gsi_base[0])
Apr  7 06:58:55 localhost kernel: IOAPIC[0]: apic_id 0, version 17, address 0xfec00000, GSI 0-23
Apr  7 06:58:55 localhost kernel: ACPI: INT_SRC_OVR (bus 0 bus_irq 0 global_irq 2 dfl dfl)
Apr  7 06:58:55 localhost kernel: ACPI: INT_SRC_OVR (bus 0 bus_irq 5 global_irq 5 high level)
Apr  7 06:58:55 localhost kernel: ACPI: INT_SRC_OVR (bus 0 bus_irq 9 global_irq 9 high level)
Apr  7 06:58:55 localhost kernel: ACPI: INT_SRC_OVR (bus 0 bus_irq 10 global_irq 10 high level)
Apr  7 06:58:55 localhost kernel: ACPI: INT_SRC_OVR (bus 0 bus_irq 11 global_irq 11 high level)
Apr  7 06:58:55 localhost kernel: Using ACPI (MADT) for SMP configuration information
Apr  7 06:58:55 localhost kernel: ACPI: HPET id: 0x8086a201 base: 0xfed00000
Apr  7 06:58:55 localhost kernel: smpboot: Allowing 2 CPUs, 0 hotplug CPUs
Apr  7 06:58:55 localhost kernel: PM: Registered nosave memory: [mem 0x0009f000-0x0009ffff]
Apr  7 06:58:55 localhost kernel: PM: Registered nosave memory: [mem 0x000a0000-0x000effff]
Apr  7 06:58:55 localhost kernel: PM: Registered nosave memory: [mem 0x000f0000-0x000fffff]
Apr  7 06:58:55 localhost kernel: e820: [mem 0xbb800000-0xfeffbfff] available for PCI devices
Apr  7 06:58:55 localhost kernel: Booting paravirtualized kernel on KVM
Apr  7 06:58:55 localhost kernel: setup_percpu: NR_CPUS:5120 nr_cpumask_bits:2 nr_cpu_ids:2 nr_node_ids:1
Apr  7 06:58:55 localhost kernel: PERCPU: Embedded 33 pages/cpu @ffff8800bb200000 s95424 r8192 d31552 u1048576
Apr  7 06:58:55 localhost kernel: KVM setup async PF for cpu 0
Apr  7 06:58:55 localhost kernel: kvm-stealtime: cpu 0, msr bb20f240
Apr  7 06:58:55 localhost kernel: Built 1 zonelists in Node order, mobility grouping on.  Total pages: 755845
Apr  7 06:58:55 localhost kernel: Policy zone: DMA32
Apr  7 06:58:55 localhost kernel: Kernel command line: BOOT_IMAGE=/vmlinuz-3.10.0-327.28.3.el7.x86_64 root=/dev/mapper/VolGroup00-LogVol00 ro no_timer_check console=tty0 console=ttyS0,115200 net.ifnames=0 biosdevname=0 crashkernel=auto rd.lvm.lv=VolGroup00/LogVol00 rd.lvm.lv=VolGroup00/LogVol01 rhgb quiet
Apr  7 06:58:55 localhost kernel: PID hash table entries: 4096 (order: 3, 32768 bytes)
Apr  7 06:58:55 localhost kernel: x86/fpu: xstate_offset[2]: 0240, xstate_sizes[2]: 0100
Apr  7 06:58:55 localhost kernel: xsave: enabled xstate_bv 0x7, cntxt size 0x340
Apr  7 06:58:55 localhost kernel: AGP: Checking aperture...
Apr  7 06:58:55 localhost kernel: AGP: No AGP bridge found
Apr  7 06:58:55 localhost kernel: Memory: 2820412k/3071856k available (6444k kernel code, 392k absent, 251052k reserved, 4265k data, 1632k init)
Apr  7 06:58:55 localhost kernel: SLUB: HWalign=64, Order=0-3, MinObjects=0, CPUs=2, Nodes=1
Apr  7 06:58:55 localhost kernel: Hierarchical RCU implementation.
Apr  7 06:58:55 localhost kernel: #011RCU restricting CPUs from NR_CPUS=5120 to nr_cpu_ids=2.
Apr  7 06:58:55 localhost kernel: #011Offload RCU callbacks from all CPUs
Apr  7 06:58:55 localhost kernel: #011Offload RCU callbacks from CPUs: 0-1.
Apr  7 06:58:55 localhost kernel: NR_IRQS:327936 nr_irqs:440 0
Apr  7 06:58:55 localhost kernel: Console: colour VGA+ 80x25
Apr  7 06:58:55 localhost kernel: console [tty0] enabled
Apr  7 06:58:55 localhost kernel: console [ttyS0] enabled
Apr  7 06:58:55 localhost kernel: allocated 12582912 bytes of page_cgroup
Apr  7 06:58:55 localhost kernel: please try 'cgroup_disable=memory' option if you don't want memory cgroups
Apr  7 06:58:55 localhost kernel: tsc: Detected 3392.292 MHz processor
Apr  7 06:58:55 localhost kernel: Calibrating delay loop (skipped) preset value.. 6784.58 BogoMIPS (lpj=3392292)
Apr  7 06:58:55 localhost kernel: pid_max: default: 32768 minimum: 301
Apr  7 06:58:55 localhost kernel: Security Framework initialized
Apr  7 06:58:55 localhost kernel: SELinux:  Initializing.
Apr  7 06:58:55 localhost kernel: Dentry cache hash table entries: 524288 (order: 10, 4194304 bytes)
Apr  7 06:58:55 localhost kernel: Inode-cache hash table entries: 262144 (order: 9, 2097152 bytes)
Apr  7 06:58:55 localhost kernel: Mount-cache hash table entries: 4096
Apr  7 06:58:55 localhost kernel: Initializing cgroup subsys memory
Apr  7 06:58:55 localhost kernel: Initializing cgroup subsys devices
Apr  7 06:58:55 localhost kernel: Initializing cgroup subsys freezer
Apr  7 06:58:55 localhost kernel: Initializing cgroup subsys net_cls
Apr  7 06:58:55 localhost kernel: Initializing cgroup subsys blkio
Apr  7 06:58:55 localhost kernel: Initializing cgroup subsys perf_event
Apr  7 06:58:55 localhost kernel: Initializing cgroup subsys hugetlb
Apr  7 06:58:55 localhost kernel: CPU: Physical Processor ID: 0
Apr  7 06:58:55 localhost kernel: mce: CPU supports 10 MCE banks
Apr  7 06:58:55 localhost kernel: Last level iTLB entries: 4KB 0, 2MB 0, 4MB 0#012Last level dTLB entries: 4KB 0, 2MB 0, 4MB 0#012tlb_flushall_shift: 6
Apr  7 06:58:55 localhost kernel: Freeing SMP alternatives: 28k freed
Apr  7 06:58:55 localhost kernel: ACPI: Core revision 20130517
Apr  7 06:58:55 localhost kernel: ACPI: All ACPI Tables successfully acquired
Apr  7 06:58:55 localhost kernel: ftrace: allocating 24602 entries in 97 pages
Apr  7 06:58:55 localhost kernel: Enabling x2apic
Apr  7 06:58:55 localhost kernel: Enabled x2apic
Apr  7 06:58:55 localhost kernel: Switched APIC routing to physical x2apic.
Apr  7 06:58:55 localhost kernel: ..TIMER: vector=0x30 apic1=0 pin1=2 apic2=-1 pin2=-1
Apr  7 06:58:55 localhost kernel: smpboot: CPU0: Intel Xeon E312xx (Sandy Bridge) (fam: 06, model: 2a, stepping: 01)
Apr  7 06:58:55 localhost kernel: Performance Events: unsupported p6 CPU model 42 no PMU driver, software events only.
Apr  7 06:58:55 localhost kernel: NMI watchdog: disabled (cpu0): hardware events not enabled
Apr  7 06:58:55 localhost kernel: smpboot: Booting Node   0, Processors  #1 OK
Apr  7 06:58:55 localhost kernel: kvm-clock: cpu 1, msr 0:bb765041, secondary cpu clock
Apr  7 06:58:55 localhost kernel: Brought up 2 CPUs
Apr  7 06:58:55 localhost kernel: smpboot: Total of 2 processors activated (13569.16 BogoMIPS)
Apr  7 06:58:55 localhost kernel: KVM setup async PF for cpu 1
Apr  7 06:58:55 localhost kernel: kvm-stealtime: cpu 1, msr bb30f240
Apr  7 06:58:55 localhost kernel: devtmpfs: initialized
Apr  7 06:58:55 localhost kernel: EVM: security.selinux
Apr  7 06:58:55 localhost kernel: EVM: security.ima
Apr  7 06:58:55 localhost kernel: EVM: security.capability
Apr  7 06:58:55 localhost kernel: atomic64 test passed for x86-64 platform with CX8 and with SSE
Apr  7 06:58:55 localhost kernel: NET: Registered protocol family 16
Apr  7 06:58:55 localhost kernel: ACPI: bus type PCI registered
Apr  7 06:58:55 localhost kernel: acpiphp: ACPI Hot Plug PCI Controller Driver version: 0.5
Apr  7 06:58:55 localhost kernel: PCI: Using configuration type 1 for base access
Apr  7 06:58:55 localhost kernel: ACPI: Added _OSI(Module Device)
Apr  7 06:58:55 localhost kernel: ACPI: Added _OSI(Processor Device)
Apr  7 06:58:55 localhost kernel: ACPI: Added _OSI(3.0 _SCP Extensions)
Apr  7 06:58:55 localhost kernel: ACPI: Added _OSI(Processor Aggregator Device)
Apr  7 06:58:55 localhost kernel: ACPI: Interpreter enabled
Apr  7 06:58:55 localhost kernel: ACPI Exception: AE_NOT_FOUND, While evaluating Sleep State [\_S1_] (20130517/hwxface-571)
Apr  7 06:58:55 localhost kernel: ACPI Exception: AE_NOT_FOUND, While evaluating Sleep State [\_S2_] (20130517/hwxface-571)
Apr  7 06:58:55 localhost kernel: ACPI: (supports S0 S3 S4 S5)
Apr  7 06:58:55 localhost kernel: ACPI: Using IOAPIC for interrupt routing
Apr  7 06:58:55 localhost kernel: PCI: Using host bridge windows from ACPI; if necessary, use "pci=nocrs" and report a bug
Apr  7 06:58:55 localhost kernel: ACPI: PCI Root Bridge [PCI0] (domain 0000 [bus 00-ff])
Apr  7 06:58:55 localhost kernel: acpi PNP0A03:00: _OSC: OS supports [ASPM ClockPM Segments MSI]
Apr  7 06:58:55 localhost kernel: acpi PNP0A03:00: _OSC failed (AE_NOT_FOUND); disabling ASPM
Apr  7 06:58:55 localhost kernel: acpi PNP0A03:00: fail to add MMCONFIG information, can't access extended PCI configuration space under this bridge.
Apr  7 06:58:55 localhost kernel: acpiphp: Slot [3] registered
Apr  7 06:58:55 localhost kernel: acpiphp: Slot [4] registered
Apr  7 06:58:55 localhost kernel: acpiphp: Slot [5] registered
Apr  7 06:58:55 localhost kernel: acpiphp: Slot [6] registered
Apr  7 06:58:55 localhost kernel: acpiphp: Slot [7] registered
Apr  7 06:58:55 localhost kernel: acpiphp: Slot [8] registered
Apr  7 06:58:55 localhost kernel: acpiphp: Slot [9] registered
Apr  7 06:58:55 localhost kernel: acpiphp: Slot [10] registered
Apr  7 06:58:55 localhost kernel: acpiphp: Slot [11] registered
Apr  7 06:58:55 localhost kernel: acpiphp: Slot [12] registered
Apr  7 06:58:55 localhost kernel: acpiphp: Slot [13] registered
Apr  7 06:58:55 localhost kernel: acpiphp: Slot [14] registered
Apr  7 06:58:55 localhost kernel: acpiphp: Slot [15] registered
Apr  7 06:58:55 localhost kernel: acpiphp: Slot [16] registered
Apr  7 06:58:55 localhost kernel: acpiphp: Slot [17] registered
Apr  7 06:58:55 localhost kernel: acpiphp: Slot [18] registered
Apr  7 06:58:55 localhost kernel: acpiphp: Slot [19] registered
Apr  7 06:58:55 localhost kernel: acpiphp: Slot [20] registered
Apr  7 06:58:55 localhost kernel: acpiphp: Slot [21] registered
Apr  7 06:58:55 localhost kernel: acpiphp: Slot [22] registered
Apr  7 06:58:55 localhost kernel: acpiphp: Slot [23] registered
Apr  7 06:58:55 localhost kernel: acpiphp: Slot [24] registered
Apr  7 06:58:55 localhost kernel: acpiphp: Slot [25] registered
Apr  7 06:58:55 localhost kernel: acpiphp: Slot [26] registered
Apr  7 06:58:55 localhost kernel: acpiphp: Slot [27] registered
Apr  7 06:58:55 localhost kernel: acpiphp: Slot [28] registered
Apr  7 06:58:55 localhost kernel: acpiphp: Slot [29] registered
Apr  7 06:58:55 localhost kernel: acpiphp: Slot [30] registered
Apr  7 06:58:55 localhost kernel: acpiphp: Slot [31] registered
Apr  7 06:58:55 localhost kernel: PCI host bridge to bus 0000:00
Apr  7 06:58:55 localhost kernel: pci_bus 0000:00: root bus resource [bus 00-ff]
Apr  7 06:58:55 localhost kernel: pci_bus 0000:00: root bus resource [io  0x0000-0x0cf7]
Apr  7 06:58:55 localhost kernel: pci_bus 0000:00: root bus resource [io  0x0d00-0xffff]
Apr  7 06:58:55 localhost kernel: pci_bus 0000:00: root bus resource [mem 0x000a0000-0x000bffff]
Apr  7 06:58:55 localhost kernel: pci_bus 0000:00: root bus resource [mem 0xbb800000-0xfebfffff]
Apr  7 06:58:55 localhost kernel: pci 0000:00:01.1: legacy IDE quirk: reg 0x10: [io  0x01f0-0x01f7]
Apr  7 06:58:55 localhost kernel: pci 0000:00:01.1: legacy IDE quirk: reg 0x14: [io  0x03f6]
Apr  7 06:58:55 localhost kernel: pci 0000:00:01.1: legacy IDE quirk: reg 0x18: [io  0x0170-0x0177]
Apr  7 06:58:55 localhost kernel: pci 0000:00:01.1: legacy IDE quirk: reg 0x1c: [io  0x0376]
Apr  7 06:58:55 localhost kernel: pci 0000:00:01.3: quirk: [io  0x0600-0x063f] claimed by PIIX4 ACPI
Apr  7 06:58:55 localhost kernel: pci 0000:00:01.3: quirk: [io  0x0700-0x070f] claimed by PIIX4 SMB
Apr  7 06:58:55 localhost kernel: ACPI: PCI Interrupt Link [LNKA] (IRQs 5 *10 11)
Apr  7 06:58:55 localhost kernel: ACPI: PCI Interrupt Link [LNKB] (IRQs 5 *10 11)
Apr  7 06:58:55 localhost kernel: ACPI: PCI Interrupt Link [LNKC] (IRQs 5 10 *11)
Apr  7 06:58:55 localhost kernel: ACPI: PCI Interrupt Link [LNKD] (IRQs 5 10 *11)
Apr  7 06:58:55 localhost kernel: ACPI: PCI Interrupt Link [LNKS] (IRQs *9)
Apr  7 06:58:55 localhost kernel: ACPI: Enabled 3 GPEs in block 00 to 0F
Apr  7 06:58:55 localhost kernel: vgaarb: device added: PCI:0000:00:02.0,decodes=io+mem,owns=io+mem,locks=none
Apr  7 06:58:55 localhost kernel: vgaarb: loaded
Apr  7 06:58:55 localhost kernel: vgaarb: bridge control possible 0000:00:02.0
Apr  7 06:58:55 localhost kernel: SCSI subsystem initialized
Apr  7 06:58:55 localhost kernel: ACPI: bus type USB registered
Apr  7 06:58:55 localhost kernel: usbcore: registered new interface driver usbfs
Apr  7 06:58:55 localhost kernel: usbcore: registered new interface driver hub
Apr  7 06:58:55 localhost kernel: usbcore: registered new device driver usb
Apr  7 06:58:55 localhost kernel: PCI: Using ACPI for IRQ routing
Apr  7 06:58:55 localhost kernel: NetLabel: Initializing
Apr  7 06:58:55 localhost kernel: NetLabel:  domain hash size = 128
Apr  7 06:58:55 localhost kernel: NetLabel:  protocols = UNLABELED CIPSOv4
Apr  7 06:58:55 localhost kernel: NetLabel:  unlabeled traffic allowed by default
Apr  7 06:58:55 localhost kernel: hpet0: at MMIO 0xfed00000, IRQs 2, 8, 0
Apr  7 06:58:55 localhost kernel: hpet0: 3 comparators, 64-bit 100.000000 MHz counter
Apr  7 06:58:55 localhost kernel: Switching to clocksource kvm-clock
Apr  7 06:58:55 localhost kernel: pnp: PnP ACPI init
Apr  7 06:58:55 localhost kernel: ACPI: bus type PNP registered
Apr  7 06:58:55 localhost kernel: pnp: PnP ACPI: found 6 devices
Apr  7 06:58:55 localhost kernel: ACPI: bus type PNP unregistered
Apr  7 06:58:55 localhost kernel: NET: Registered protocol family 2
Apr  7 06:58:55 localhost kernel: TCP established hash table entries: 32768 (order: 6, 262144 bytes)
Apr  7 06:58:55 localhost kernel: TCP bind hash table entries: 32768 (order: 7, 524288 bytes)
Apr  7 06:58:55 localhost kernel: TCP: Hash tables configured (established 32768 bind 32768)
Apr  7 06:58:55 localhost kernel: TCP: reno registered
Apr  7 06:58:55 localhost kernel: UDP hash table entries: 2048 (order: 4, 65536 bytes)
Apr  7 06:58:55 localhost kernel: UDP-Lite hash table entries: 2048 (order: 4, 65536 bytes)
Apr  7 06:58:55 localhost kernel: NET: Registered protocol family 1
Apr  7 06:58:55 localhost kernel: pci 0000:00:00.0: Limiting direct PCI/PCI transfers
Apr  7 06:58:55 localhost kernel: pci 0000:00:01.0: PIIX3: Enabling Passive Release
Apr  7 06:58:55 localhost kernel: pci 0000:00:01.0: Activating ISA DMA hang workarounds
Apr  7 06:58:55 localhost kernel: ACPI: PCI Interrupt Link [LNKD] enabled at IRQ 11
Apr  7 06:58:55 localhost kernel: Unpacking initramfs...
Apr  7 06:58:55 localhost kernel: Freeing initrd memory: 20356k freed
Apr  7 06:58:55 localhost kernel: microcode: CPU0 sig=0x206a1, pf=0x1, revision=0x1
Apr  7 06:58:55 localhost kernel: microcode: CPU1 sig=0x206a1, pf=0x1, revision=0x1
Apr  7 06:58:55 localhost kernel: microcode: Microcode Update Driver: v2.00 <tigran@aivazian.fsnet.co.uk>, Peter Oruba
Apr  7 06:58:55 localhost kernel: sha1_ssse3: Using AVX optimized SHA-1 implementation
Apr  7 06:58:55 localhost kernel: sha256_ssse3: Using AVX optimized SHA-256 implementation
Apr  7 06:58:55 localhost kernel: futex hash table entries: 512 (order: 3, 32768 bytes)
Apr  7 06:58:55 localhost kernel: Initialise system trusted keyring
Apr  7 06:58:55 localhost kernel: audit: initializing netlink socket (disabled)
Apr  7 06:58:55 localhost kernel: type=2000 audit(1491548335.460:1): initialized
Apr  7 06:58:55 localhost kernel: HugeTLB registered 2 MB page size, pre-allocated 0 pages
Apr  7 06:58:55 localhost kernel: zpool: loaded
Apr  7 06:58:55 localhost kernel: zbud: loaded
Apr  7 06:58:55 localhost kernel: VFS: Disk quotas dquot_6.5.2
Apr  7 06:58:55 localhost kernel: Dquot-cache hash table entries: 512 (order 0, 4096 bytes)
Apr  7 06:58:55 localhost kernel: msgmni has been set to 5548
Apr  7 06:58:55 localhost kernel: Key type big_key registered
Apr  7 06:58:55 localhost kernel: NET: Registered protocol family 38
Apr  7 06:58:55 localhost kernel: Key type asymmetric registered
Apr  7 06:58:55 localhost kernel: Asymmetric key parser 'x509' registered
Apr  7 06:58:55 localhost kernel: Block layer SCSI generic (bsg) driver version 0.4 loaded (major 251)
Apr  7 06:58:55 localhost kernel: io scheduler noop registered
Apr  7 06:58:55 localhost kernel: io scheduler deadline registered (default)
Apr  7 06:58:55 localhost kernel: io scheduler cfq registered
Apr  7 06:58:55 localhost kernel: pci_hotplug: PCI Hot Plug PCI Core version: 0.5
Apr  7 06:58:55 localhost kernel: pciehp: PCI Express Hot Plug Controller Driver version: 0.4
Apr  7 06:58:55 localhost kernel: input: Power Button as /devices/LNXSYSTM:00/LNXPWRBN:00/input/input0
Apr  7 06:58:55 localhost kernel: ACPI: Power Button [PWRF]
Apr  7 06:58:55 localhost kernel: GHES: HEST is not enabled!
Apr  7 06:58:55 localhost kernel: Serial: 8250/16550 driver, 4 ports, IRQ sharing enabled
Apr  7 06:58:55 localhost kernel: 00:04: ttyS0 at I/O 0x3f8 (irq = 4) is a 16550A
Apr  7 06:58:55 localhost kernel: Non-volatile memory driver v1.3
Apr  7 06:58:55 localhost kernel: Linux agpgart interface v0.103
Apr  7 06:58:55 localhost kernel: crash memory driver: version 1.1
Apr  7 06:58:55 localhost kernel: rdac: device handler registered
Apr  7 06:58:55 localhost kernel: hp_sw: device handler registered
Apr  7 06:58:55 localhost kernel: emc: device handler registered
Apr  7 06:58:55 localhost kernel: alua: device handler registered
Apr  7 06:58:55 localhost kernel: libphy: Fixed MDIO Bus: probed
Apr  7 06:58:55 localhost kernel: ehci_hcd: USB 2.0 'Enhanced' Host Controller (EHCI) Driver
Apr  7 06:58:55 localhost kernel: ehci-pci: EHCI PCI platform driver
Apr  7 06:58:55 localhost kernel: ohci_hcd: USB 1.1 'Open' Host Controller (OHCI) Driver
Apr  7 06:58:55 localhost kernel: ohci-pci: OHCI PCI platform driver
Apr  7 06:58:55 localhost kernel: uhci_hcd: USB Universal Host Controller Interface driver
Apr  7 06:58:55 localhost kernel: uhci_hcd 0000:00:01.2: UHCI Host Controller
Apr  7 06:58:55 localhost kernel: uhci_hcd 0000:00:01.2: new USB bus registered, assigned bus number 1
Apr  7 06:58:55 localhost kernel: uhci_hcd 0000:00:01.2: detected 2 ports
Apr  7 06:58:55 localhost kernel: uhci_hcd 0000:00:01.2: irq 11, io base 0x0000c040
Apr  7 06:58:55 localhost kernel: usb usb1: New USB device found, idVendor=1d6b, idProduct=0001
Apr  7 06:58:55 localhost kernel: usb usb1: New USB device strings: Mfr=3, Product=2, SerialNumber=1
Apr  7 06:58:55 localhost kernel: usb usb1: Product: UHCI Host Controller
Apr  7 06:58:55 localhost kernel: usb usb1: Manufacturer: Linux 3.10.0-327.28.3.el7.x86_64 uhci_hcd
Apr  7 06:58:55 localhost kernel: usb usb1: SerialNumber: 0000:00:01.2
Apr  7 06:58:55 localhost kernel: hub 1-0:1.0: USB hub found
Apr  7 06:58:55 localhost kernel: hub 1-0:1.0: 2 ports detected
Apr  7 06:58:55 localhost kernel: usbcore: registered new interface driver usbserial
Apr  7 06:58:55 localhost kernel: usbcore: registered new interface driver usbserial_generic
Apr  7 06:58:55 localhost kernel: usbserial: USB Serial support registered for generic
Apr  7 06:58:55 localhost kernel: i8042: PNP: PS/2 Controller [PNP0303:KBD,PNP0f13:MOU] at 0x60,0x64 irq 1,12
Apr  7 06:58:55 localhost kernel: serio: i8042 KBD port at 0x60,0x64 irq 1
Apr  7 06:58:55 localhost kernel: serio: i8042 AUX port at 0x60,0x64 irq 12
Apr  7 06:58:55 localhost kernel: mousedev: PS/2 mouse device common for all mice
Apr  7 06:58:55 localhost kernel: input: AT Translated Set 2 keyboard as /devices/platform/i8042/serio0/input/input1
Apr  7 06:58:55 localhost kernel: rtc_cmos 00:00: RTC can wake from S4
Apr  7 06:58:55 localhost kernel: rtc_cmos 00:00: rtc core: registered rtc_cmos as rtc0
Apr  7 06:58:55 localhost kernel: rtc_cmos 00:00: alarms up to one day, y3k, 114 bytes nvram, hpet irqs
Apr  7 06:58:55 localhost kernel: cpuidle: using governor menu
Apr  7 06:58:55 localhost kernel: hidraw: raw HID events driver (C) Jiri Kosina
Apr  7 06:58:55 localhost kernel: usbcore: registered new interface driver usbhid
Apr  7 06:58:55 localhost kernel: usbhid: USB HID core driver
Apr  7 06:58:55 localhost kernel: drop_monitor: Initializing network drop monitor service
Apr  7 06:58:55 localhost kernel: TCP: cubic registered
Apr  7 06:58:55 localhost kernel: Initializing XFRM netlink socket
Apr  7 06:58:55 localhost kernel: NET: Registered protocol family 10
Apr  7 06:58:55 localhost kernel: NET: Registered protocol family 17
Apr  7 06:58:55 localhost kernel: Loading compiled-in X.509 certificates
Apr  7 06:58:55 localhost kernel: Loaded X.509 cert 'CentOS Linux kpatch signing key: ea0413152cde1d98ebdca3fe6f0230904c9ef717'
Apr  7 06:58:55 localhost kernel: Loaded X.509 cert 'CentOS Linux Driver update signing key: 7f421ee0ab69461574bb358861dbe77762a4201b'
Apr  7 06:58:55 localhost kernel: Loaded X.509 cert 'CentOS Linux kernel signing key: 15646f1e11b73f8c2aed8ae291655d5258056ee9'
Apr  7 06:58:55 localhost kernel: registered taskstats version 1
Apr  7 06:58:55 localhost kernel: Key type trusted registered
Apr  7 06:58:55 localhost kernel: Key type encrypted registered
Apr  7 06:58:55 localhost kernel: IMA: No TPM chip found, activating TPM-bypass!
Apr  7 06:58:55 localhost kernel: rtc_cmos 00:00: setting system clock to 2017-04-07 06:58:55 UTC (1491548335)
Apr  7 06:58:55 localhost kernel: Freeing unused kernel memory: 1632k freed
Apr  7 06:58:55 localhost systemd[1]: systemd 219 running in system mode. (+PAM +AUDIT +SELINUX +IMA -APPARMOR +SMACK +SYSVINIT +UTMP +LIBCRYPTSETUP +GCRYPT +GNUTLS +ACL +XZ -LZ4 -SECCOMP +BLKID +ELFUTILS +KMOD +IDN)
Apr  7 06:58:55 localhost systemd[1]: Detected virtualization kvm.
Apr  7 06:58:55 localhost systemd[1]: Detected architecture x86-64.
Apr  7 06:58:55 localhost systemd[1]: Running in initial RAM disk.
Apr  7 06:58:55 localhost systemd[1]: Set hostname to <localhost.localdomain>.
Apr  7 06:58:55 localhost systemd[1]: Initializing machine ID from KVM UUID.
Apr  7 06:58:55 localhost systemd[1]: Reached target Swap.
Apr  7 06:58:55 localhost systemd[1]: Starting Swap.
Apr  7 06:58:55 localhost systemd[1]: Reached target Local File Systems.
Apr  7 06:58:55 localhost systemd[1]: Starting Local File Systems.
Apr  7 06:58:55 localhost systemd[1]: Reached target Timers.
Apr  7 06:58:55 localhost systemd[1]: Starting Timers.
Apr  7 06:58:55 localhost systemd[1]: Created slice -.slice.
Apr  7 06:58:55 localhost systemd[1]: Starting -.slice.
Apr  7 06:58:55 localhost systemd[1]: Listening on Journal Socket.
Apr  7 06:58:55 localhost systemd[1]: Starting Journal Socket.
Apr  7 06:58:55 localhost systemd[1]: Listening on udev Kernel Socket.
Apr  7 06:58:55 localhost systemd[1]: Starting udev Kernel Socket.
Apr  7 06:58:55 localhost systemd[1]: Listening on udev Control Socket.
Apr  7 06:58:55 localhost systemd[1]: Starting udev Control Socket.
Apr  7 06:58:55 localhost systemd[1]: Reached target Sockets.
Apr  7 06:58:55 localhost systemd[1]: Starting Sockets.
Apr  7 06:58:55 localhost systemd[1]: Created slice System Slice.
Apr  7 06:58:55 localhost systemd[1]: Starting System Slice.
Apr  7 06:58:55 localhost systemd[1]: Starting Create list of required static device nodes for the current kernel...
Apr  7 06:58:55 localhost systemd[1]: Started Load Kernel Modules.
Apr  7 06:58:55 localhost systemd[1]: Started dracut ask for additional cmdline parameters.
Apr  7 06:58:55 localhost systemd[1]: Reached target Slices.
Apr  7 06:58:55 localhost systemd[1]: Starting Slices.
Apr  7 06:58:55 localhost systemd[1]: Starting dracut cmdline hook...
Apr  7 06:58:55 localhost systemd[1]: Starting Setup Virtual Console...
Apr  7 06:58:55 localhost systemd[1]: Starting Apply Kernel Variables...
Apr  7 06:58:55 localhost systemd[1]: Starting Journal Service...
Apr  7 06:58:55 localhost systemd[1]: Started Create list of required static device nodes for the current kernel.
Apr  7 06:58:55 localhost systemd[1]: Started Apply Kernel Variables.
Apr  7 06:58:55 localhost systemd[1]: Starting Create Static Device Nodes in /dev...
Apr  7 06:58:55 localhost systemd[1]: Started Create Static Device Nodes in /dev.
Apr  7 06:58:55 localhost journal: Journal started
Apr  7 06:58:55 localhost systemd-tmpfiles: Failed to parse ACL "d:group:adm:r-x,d:group:wheel:r-x": Invalid argument. Ignoring
Apr  7 06:58:55 localhost systemd-tmpfiles: Failed to parse ACL "group:adm:r-x,group:wheel:r-x": Invalid argument. Ignoring
Apr  7 06:58:55 localhost systemd-tmpfiles: Failed to parse ACL "d:group:adm:r-x,d:group:wheel:r-x": Invalid argument. Ignoring
Apr  7 06:58:55 localhost systemd-tmpfiles: Failed to parse ACL "group:adm:r-x,group:wheel:r-x": Invalid argument. Ignoring
Apr  7 06:58:55 localhost systemd[1]: Started Journal Service.
Apr  7 06:58:55 localhost systemd: Started Setup Virtual Console.
Apr  7 06:58:55 localhost systemd: Started dracut cmdline hook.
Apr  7 06:58:55 localhost systemd: Starting dracut pre-udev hook...
Apr  7 06:58:55 localhost kernel: device-mapper: uevent: version 1.0.3
Apr  7 06:58:55 localhost kernel: device-mapper: ioctl: 4.33.0-ioctl (2015-8-18) initialised: dm-devel@redhat.com
Apr  7 06:58:55 localhost systemd: Started dracut pre-udev hook.
Apr  7 06:58:55 localhost systemd: Starting udev Kernel Device Manager...
Apr  7 06:58:55 localhost systemd-udevd: starting version 219
Apr  7 06:58:55 localhost systemd-udevd: Network interface NamePolicy= disabled on kernel command line, ignoring.
Apr  7 06:58:55 localhost systemd: Started udev Kernel Device Manager.
Apr  7 06:58:55 localhost systemd: Started dracut pre-trigger hook.
Apr  7 06:58:55 localhost systemd: Starting udev Coldplug all Devices...
Apr  7 06:58:55 localhost systemd: Mounting Configuration File System...
Apr  7 06:58:55 localhost systemd: Mounted Configuration File System.
Apr  7 06:58:55 localhost kernel: FDC 0 is a S82078B
Apr  7 06:58:55 localhost kernel: [drm] Initialized drm 1.1.0 20060810
Apr  7 06:58:55 localhost systemd: Started udev Coldplug all Devices.
Apr  7 06:58:55 localhost systemd: Starting dracut initqueue hook...
Apr  7 06:58:55 localhost systemd: Reached target System Initialization.
Apr  7 06:58:55 localhost systemd: Starting System Initialization.
Apr  7 06:58:55 localhost systemd: Starting Show Plymouth Boot Screen...
Apr  7 06:58:55 localhost systemd: Started Show Plymouth Boot Screen.
Apr  7 06:58:55 localhost systemd: Started Dispatch Password Requests to Console Directory Watch.
Apr  7 06:58:55 localhost systemd: Reached target Paths.
Apr  7 06:58:55 localhost systemd: Starting Paths.
Apr  7 06:58:55 localhost systemd: Started Forward Password Requests to Plymouth Directory Watch.
Apr  7 06:58:55 localhost systemd: Starting Forward Password Requests to Plymouth Directory Watch.
Apr  7 06:58:55 localhost systemd: Reached target Basic System.
Apr  7 06:58:55 localhost systemd: Starting Basic System.
Apr  7 06:58:55 localhost kernel: ACPI: PCI Interrupt Link [LNKC] enabled at IRQ 10
Apr  7 06:58:55 localhost kernel: [TTM] Zone  kernel: Available graphics memory: 1421214 kiB
Apr  7 06:58:55 localhost kernel: [TTM] Initializing pool allocator
Apr  7 06:58:55 localhost kernel: [TTM] Initializing DMA pool allocator
Apr  7 06:58:55 localhost kernel: [drm] fb mappable at 0xFA000000
Apr  7 06:58:55 localhost kernel: [drm] vram aper at 0xFA000000
Apr  7 06:58:55 localhost kernel: [drm] size 33554432
Apr  7 06:58:55 localhost kernel: [drm] fb depth is 24
Apr  7 06:58:55 localhost kernel: [drm]    pitch is 3072
Apr  7 06:58:55 localhost kernel: fbcon: cirrusdrmfb (fb0) is primary device
Apr  7 06:58:55 localhost kernel: Console: switching to colour frame buffer device 128x48
Apr  7 06:58:55 localhost kernel: cirrus 0000:00:02.0: fb0: cirrusdrmfb frame buffer device
Apr  7 06:58:55 localhost kernel: cirrus 0000:00:02.0: registered panic notifier
Apr  7 06:58:55 localhost kernel: [drm] Initialized cirrus 1.0.0 20110418 for 0000:00:02.0 on minor 0
Apr  7 06:58:55 localhost kernel: scsi host0: ata_piix
Apr  7 06:58:55 localhost kernel: scsi host1: ata_piix
Apr  7 06:58:55 localhost kernel: ata1: PATA max MWDMA2 cmd 0x1f0 ctl 0x3f6 bmdma 0xc0c0 irq 14
Apr  7 06:58:55 localhost kernel: ata2: PATA max MWDMA2 cmd 0x170 ctl 0x376 bmdma 0xc0c8 irq 15
Apr  7 06:58:55 localhost kernel: ACPI: PCI Interrupt Link [LNKA] enabled at IRQ 10
Apr  7 06:58:55 localhost kernel: ACPI: PCI Interrupt Link [LNKB] enabled at IRQ 11
Apr  7 06:58:55 localhost kernel: vda: vda1 vda2 vda3
Apr  7 06:58:55 localhost systemd: Found device /dev/mapper/VolGroup00-LogVol00.
Apr  7 06:58:55 localhost systemd: Starting File System Check on /dev/mapper/VolGroup00-LogVol00...
Apr  7 06:58:55 localhost systemd-fsck: /dev/mapper/VolGroup00-LogVol00: clean, 28077/2473984 files, 419412/9879552 blocks
Apr  7 06:58:56 localhost systemd: Started dracut initqueue hook.
Apr  7 06:58:56 localhost systemd: Started dracut pre-mount hook.
Apr  7 06:58:56 localhost systemd: Reached target Remote File Systems (Pre).
Apr  7 06:58:56 localhost systemd: Starting Remote File Systems (Pre).
Apr  7 06:58:56 localhost systemd: Reached target Remote File Systems.
Apr  7 06:58:56 localhost systemd: Starting Remote File Systems.
Apr  7 06:58:56 localhost systemd: Started File System Check on /dev/mapper/VolGroup00-LogVol00.
Apr  7 06:58:56 localhost systemd: Mounting /sysroot...
Apr  7 06:58:56 localhost kernel: EXT4-fs (dm-0): mounted filesystem with ordered data mode. Opts: (null)
Apr  7 06:58:56 localhost systemd: Mounted /sysroot.
Apr  7 06:58:56 localhost systemd: Reached target Initrd Root File System.
Apr  7 06:58:56 localhost systemd: Starting Initrd Root File System.
Apr  7 06:58:56 localhost systemd: Starting Reload Configuration from the Real Root...
Apr  7 06:58:56 localhost kernel: input: ImExPS/2 Generic Explorer Mouse as /devices/platform/i8042/serio1/input/input2
Apr  7 06:58:56 localhost systemd: Reloading.
Apr  7 06:58:56 localhost systemd: Started Reload Configuration from the Real Root.
Apr  7 06:58:56 localhost systemd: Started dracut mount hook.
Apr  7 06:58:56 localhost systemd: Reached target Initrd File Systems.
Apr  7 06:58:56 localhost systemd: Starting Initrd File Systems.
Apr  7 06:58:56 localhost systemd: Reached target Initrd Default Target.
Apr  7 06:58:56 localhost systemd: Starting Initrd Default Target.
Apr  7 06:58:56 localhost systemd: Starting dracut pre-pivot and cleanup hook...
Apr  7 06:58:56 localhost kernel: tsc: Refined TSC clocksource calibration: 3392.259 MHz
Apr  7 06:58:56 localhost systemd: Started dracut pre-pivot and cleanup hook.
Apr  7 06:58:56 localhost systemd: Starting Cleaning Up and Shutting Down Daemons...
Apr  7 06:58:56 localhost systemd: Starting Plymouth switch root service...
Apr  7 06:58:56 localhost systemd: Stopped target Timers.
Apr  7 06:58:56 localhost systemd: Stopping Timers.
Apr  7 06:58:56 localhost systemd: Stopped Cleaning Up and Shutting Down Daemons.
Apr  7 06:58:56 localhost systemd: Stopped dracut pre-pivot and cleanup hook.
Apr  7 06:58:56 localhost systemd: Stopping dracut pre-pivot and cleanup hook...
Apr  7 06:58:56 localhost systemd: Stopped target Remote File Systems.
Apr  7 06:58:56 localhost systemd: Stopping Remote File Systems.
Apr  7 06:58:56 localhost systemd: Stopped target Remote File Systems (Pre).
Apr  7 06:58:56 localhost systemd: Stopping Remote File Systems (Pre).
Apr  7 06:58:56 localhost systemd: Stopped dracut initqueue hook.
Apr  7 06:58:56 localhost systemd: Stopping dracut initqueue hook...
Apr  7 06:58:56 localhost systemd: Stopped target Initrd Default Target.
Apr  7 06:58:56 localhost systemd: Stopping Initrd Default Target.
Apr  7 06:58:56 localhost systemd: Stopped target Basic System.
Apr  7 06:58:56 localhost systemd: Stopping Basic System.
Apr  7 06:58:56 localhost systemd: Stopped target Sockets.
Apr  7 06:58:56 localhost systemd: Stopping Sockets.
Apr  7 06:58:56 localhost systemd: Stopped target Paths.
Apr  7 06:58:56 localhost systemd: Stopping Paths.
Apr  7 06:58:56 localhost systemd: Stopped target Slices.
Apr  7 06:58:56 localhost systemd: Stopping Slices.
Apr  7 06:58:56 localhost systemd: Stopped target System Initialization.
Apr  7 06:58:56 localhost systemd: Stopping System Initialization.
Apr  7 06:58:56 localhost systemd: Stopping udev Kernel Device Manager...
Apr  7 06:58:56 localhost systemd: Stopped udev Coldplug all Devices.
Apr  7 06:58:56 localhost systemd: Stopping udev Coldplug all Devices...
Apr  7 06:58:56 localhost systemd: Stopped target Local File Systems.
Apr  7 06:58:56 localhost systemd: Stopping Local File Systems.
Apr  7 06:58:56 localhost systemd: Stopped target Swap.
Apr  7 06:58:56 localhost systemd: Stopping Swap.
Apr  7 06:58:56 localhost systemd: Stopped Apply Kernel Variables.
Apr  7 06:58:56 localhost systemd: Stopping Apply Kernel Variables...
Apr  7 06:58:56 localhost systemd: Started Plymouth switch root service.
Apr  7 06:58:56 localhost systemd: Stopped udev Kernel Device Manager.
Apr  7 06:58:56 localhost systemd: Stopped Create Static Device Nodes in /dev.
Apr  7 06:58:56 localhost systemd: Stopping Create Static Device Nodes in /dev...
Apr  7 06:58:56 localhost systemd: Stopped Create list of required static device nodes for the current kernel.
Apr  7 06:58:56 localhost systemd: Stopping Create list of required static device nodes for the current kernel...
Apr  7 06:58:56 localhost systemd: Stopped dracut pre-udev hook.
Apr  7 06:58:56 localhost systemd: Stopping dracut pre-udev hook...
Apr  7 06:58:56 localhost systemd: Stopped dracut cmdline hook.
Apr  7 06:58:56 localhost systemd: Stopping dracut cmdline hook...
Apr  7 06:58:56 localhost systemd: Closed udev Control Socket.
Apr  7 06:58:56 localhost systemd: Stopping udev Control Socket.
Apr  7 06:58:56 localhost systemd: Closed udev Kernel Socket.
Apr  7 06:58:56 localhost systemd: Stopping udev Kernel Socket.
Apr  7 06:58:56 localhost systemd: Starting Cleanup udevd DB...
Apr  7 06:58:56 localhost systemd: Started Cleanup udevd DB.
Apr  7 06:58:56 localhost systemd: Reached target Switch Root.
Apr  7 06:58:56 localhost systemd: Starting Switch Root.
Apr  7 06:58:56 localhost systemd: Starting Switch Root...
Apr  7 06:58:56 localhost systemd: Switching root.
Apr  7 06:58:56 localhost journal: Journal stopped
Apr  7 06:58:56 localhost journal: Runtime journal is using 8.0M (max allowed 138.7M, trying to leave 208.1M free of 1.3G available → current limit 138.7M).
Apr  7 06:58:56 localhost journal: Runtime journal is using 8.0M (max allowed 138.7M, trying to leave 208.1M free of 1.3G available → current limit 138.7M).
Apr  7 06:58:56 localhost systemd-journald[100]: Received SIGTERM from PID 1 (systemd).
Apr  7 06:58:56 localhost kernel: type=1404 audit(1491548336.629:2): enforcing=1 old_enforcing=0 auid=4294967295 ses=4294967295
Apr  7 06:58:56 localhost kernel: type=1403 audit(1491548336.784:3): policy loaded auid=4294967295 ses=4294967295
Apr  7 06:58:56 localhost systemd[1]: Successfully loaded SELinux policy in 158.522ms.
Apr  7 06:58:56 localhost kernel: ip_tables: (C) 2000-2006 Netfilter Core Team
Apr  7 06:58:56 localhost systemd[1]: Inserted module 'ip_tables'
Apr  7 06:58:56 localhost systemd[1]: Relabelled /dev and /run in 12.443ms.
Apr  7 06:58:56 localhost journal: Journal started
Apr  7 06:58:56 localhost systemd: systemd 219 running in system mode. (+PAM +AUDIT +SELINUX +IMA -APPARMOR +SMACK +SYSVINIT +UTMP +LIBCRYPTSETUP +GCRYPT +GNUTLS +ACL +XZ -LZ4 -SECCOMP +BLKID +ELFUTILS +KMOD +IDN)
Apr  7 06:58:56 localhost systemd: Detected virtualization kvm.
Apr  7 06:58:56 localhost systemd: Detected architecture x86-64.
Apr  7 06:58:56 localhost systemd: Set hostname to <localhost.localdomain>.
Apr  7 06:58:56 localhost systemd: Initializing machine ID from KVM UUID.
Apr  7 06:58:56 localhost systemd: Installed transient /etc/machine-id file.
Apr  7 06:58:56 localhost systemd: Configuration file /usr/lib/systemd/system/auditd.service is marked world-inaccessible. This has no effect as configuration data is accessible via APIs without restrictions. Proceeding anyway.
Apr  7 06:58:56 localhost kernel: EXT4-fs (dm-0): re-mounted. Opts: (null)
Apr  7 06:58:56 localhost systemd: Started Create list of required static device nodes for the current kernel.
Apr  7 06:58:56 localhost systemd: Started Remount Root and Kernel File Systems.
Apr  7 06:58:56 localhost systemd: Started Apply Kernel Variables.
Apr  7 06:58:56 localhost kernel: RPC: Registered named UNIX socket transport module.
Apr  7 06:58:56 localhost kernel: RPC: Registered udp transport module.
Apr  7 06:58:56 localhost kernel: RPC: Registered tcp transport module.
Apr  7 06:58:56 localhost kernel: RPC: Registered tcp NFSv4.1 backchannel transport module.
Apr  7 06:58:56 localhost systemd: Mounted RPC Pipe File System.
Apr  7 06:58:56 localhost systemd: Started LVM2 metadata daemon.
Apr  7 06:58:56 localhost systemd: Starting LVM2 metadata daemon...
Apr  7 06:58:56 localhost systemd: Starting Rebuild Hardware Database...
Apr  7 06:58:56 localhost systemd: Starting Load/Save Random Seed...
Apr  7 06:58:56 localhost systemd: Starting Configure read-only root support...
Apr  7 06:58:56 localhost systemd: Started First Boot Wizard.
Apr  7 06:58:56 localhost systemd: Starting Create Static Device Nodes in /dev...
Apr  7 06:58:56 localhost systemd: Starting Flush Journal to Persistent Storage...
Apr  7 06:58:56 localhost kernel: Installing knfsd (copyright (C) 1996 okir@monad.swb.de).
Apr  7 06:58:56 localhost systemd: Mounted NFSD configuration filesystem.
Apr  7 06:58:56 localhost systemd: Started Load/Save Random Seed.
Apr  7 06:58:56 localhost journal: Runtime journal is using 8.0M (max allowed 138.7M, trying to leave 208.1M free of 1.3G available → current limit 138.7M).
Apr  7 06:58:56 localhost systemd: Started Flush Journal to Persistent Storage.
Apr  7 06:58:56 localhost systemd: Started Create Static Device Nodes in /dev.
Apr  7 06:58:56 localhost systemd: Reached target Local File Systems (Pre).
Apr  7 06:58:56 localhost systemd: Starting Local File Systems (Pre).
Apr  7 06:58:56 localhost systemd: Starting udev Kernel Device Manager...
Apr  7 06:58:56 localhost systemd: Started Configure read-only root support.
Apr  7 06:58:56 localhost systemd-udevd: starting version 219
Apr  7 06:58:56 localhost systemd-udevd: Network interface NamePolicy= disabled on kernel command line, ignoring.
Apr  7 06:58:57 localhost systemd: Started udev Kernel Device Manager.
Apr  7 06:58:57 localhost systemd: Started Rebuild Hardware Database.
Apr  7 06:58:57 localhost systemd: Starting udev Coldplug all Devices...
Apr  7 06:58:57 localhost systemd: Started udev Coldplug all Devices.
Apr  7 06:58:57 localhost lvm: 2 logical volume(s) in volume group "VolGroup00" monitored
Apr  7 06:58:57 localhost systemd: Started Monitoring of LVM2 mirrors, snapshots etc. using dmeventd or progress polling.
Apr  7 06:58:57 localhost kernel: piix4_smbus 0000:00:01.3: SMBus Host Controller at 0x700, revision 0
Apr  7 06:58:57 localhost kernel: input: PC Speaker as /devices/platform/pcspkr/input/input3
Apr  7 06:58:57 localhost systemd: Found device /dev/ttyS0.
Apr  7 06:58:57 localhost systemd: Created slice system-lvm2\x2dpvscan.slice.
Apr  7 06:58:57 localhost systemd: Starting system-lvm2\x2dpvscan.slice.
Apr  7 06:58:57 localhost systemd: Starting LVM2 PV scan on device 252:3...
Apr  7 06:58:57 localhost systemd: Found device /dev/disk/by-uuid/20eacd9e-80b5-4ea1-aa6e-466a69d80464.
Apr  7 06:58:57 localhost systemd: Starting File System Check on /dev/disk/by-uuid/20eacd9e-80b5-4ea1-aa6e-466a69d80464...
Apr  7 06:58:57 localhost kernel: AES CTR mode by8 optimization enabled
Apr  7 06:58:57 localhost systemd: Found device /dev/mapper/VolGroup00-LogVol01.
Apr  7 06:58:57 localhost systemd: Activating swap /dev/mapper/VolGroup00-LogVol01...
Apr  7 06:58:57 localhost kernel: ppdev: user-space parallel port driver
Apr  7 06:58:57 localhost kernel: Adding 1572860k swap on /dev/mapper/VolGroup00-LogVol01.  Priority:-1 extents:1 across:1572860k FS
Apr  7 06:58:57 localhost systemd: Activated swap /dev/mapper/VolGroup00-LogVol01.
Apr  7 06:58:57 localhost systemd: Reached target Swap.
Apr  7 06:58:57 localhost systemd: Starting Swap.
Apr  7 06:58:57 localhost kernel: alg: No test for __gcm-aes-aesni (__driver-gcm-aes-aesni)
Apr  7 06:58:57 localhost systemd-fsck: /dev/vda2: clean, 337/128016 files, 112258/512000 blocks
Apr  7 06:58:57 localhost kernel: alg: No test for crc32 (crc32-pclmul)
Apr  7 06:58:57 localhost kernel: intel_rapl: no valid rapl domains found in package 0
Apr  7 06:58:57 localhost systemd: Started File System Check on /dev/disk/by-uuid/20eacd9e-80b5-4ea1-aa6e-466a69d80464.
Apr  7 06:58:57 localhost systemd: Mounting /boot...
Apr  7 06:58:57 localhost kernel: EXT4-fs (vda2): mounted filesystem with ordered data mode. Opts: (null)
Apr  7 06:58:57 localhost systemd: Mounted /boot.
Apr  7 06:58:57 localhost systemd: Reached target Local File Systems.
Apr  7 06:58:57 localhost systemd: Starting Local File Systems.
Apr  7 06:58:57 localhost systemd: Starting Preprocess NFS configuration...
Apr  7 06:58:57 localhost systemd: Starting Commit a transient machine-id on disk...
Apr  7 06:58:57 localhost systemd: Starting Rebuild Journal Catalog...
Apr  7 06:58:57 localhost systemd: Started Mark the need to relabel after reboot.
Apr  7 06:58:57 localhost systemd: Starting Tell Plymouth To Write Out Runtime Data...
Apr  7 06:58:57 localhost systemd: Started Reconfigure the system on administrator request.
Apr  7 06:58:57 localhost systemd: Started Relabel all filesystems, if necessary.
Apr  7 06:58:57 localhost systemd: Starting Import network configuration from initramfs...
Apr  7 06:58:57 localhost systemd: Started LVM2 PV scan on device 252:3.
Apr  7 06:58:57 localhost lvm: 2 logical volume(s) in volume group "VolGroup00" now active
Apr  7 06:58:57 localhost systemd: Started Commit a transient machine-id on disk.
Apr  7 06:58:57 localhost systemd: Started Rebuild Journal Catalog.
Apr  7 06:58:57 localhost systemd: Starting Update is Completed...
Apr  7 06:58:57 localhost systemd: Started Tell Plymouth To Write Out Runtime Data.
Apr  7 06:58:57 localhost systemd: Started Preprocess NFS configuration.
Apr  7 06:58:57 localhost systemd: Started Update is Completed.
Apr  7 06:58:57 localhost systemd: Started Import network configuration from initramfs.
Apr  7 06:58:57 localhost systemd: Starting Create Volatile Files and Directories...
Apr  7 06:58:57 localhost systemd: Started Create Volatile Files and Directories.
Apr  7 06:58:57 localhost systemd: Starting Security Auditing Service...
Apr  7 06:58:57 localhost auditd[607]: Started dispatcher: /sbin/audispd pid: 616
Apr  7 06:58:57 localhost audispd: No plugins found, exiting
Apr  7 06:58:57 localhost kernel: type=1305 audit(1491548337.869:4): audit_pid=607 old=0 auid=4294967295 ses=4294967295 subj=system_u:system_r:auditd_t:s0 res=1
Apr  7 06:58:57 localhost auditd[607]: Init complete, auditd 2.4.1 listening for events (startup state enable)
Apr  7 06:58:57 localhost augenrules: No rules
Apr  7 06:58:57 localhost augenrules: enabled 1
Apr  7 06:58:57 localhost augenrules: flag 1
Apr  7 06:58:57 localhost augenrules: pid 607
Apr  7 06:58:57 localhost augenrules: rate_limit 0
Apr  7 06:58:57 localhost augenrules: backlog_limit 320
Apr  7 06:58:57 localhost augenrules: lost 0
Apr  7 06:58:57 localhost augenrules: backlog 1
Apr  7 06:58:57 localhost systemd: Started Security Auditing Service.
Apr  7 06:58:57 localhost systemd: Starting Update UTMP about System Boot/Shutdown...
Apr  7 06:58:57 localhost systemd: Started Update UTMP about System Boot/Shutdown.
Apr  7 06:58:57 localhost systemd: Reached target System Initialization.
Apr  7 06:58:57 localhost systemd: Starting System Initialization.
Apr  7 06:58:57 localhost systemd: Started Flexible branding.
Apr  7 06:58:57 localhost systemd: Starting Flexible branding.
Apr  7 06:58:57 localhost systemd: Reached target Paths.
Apr  7 06:58:57 localhost systemd: Starting Paths.
Apr  7 06:58:57 localhost systemd: Listening on RPCbind Server Activation Socket.
Apr  7 06:58:57 localhost systemd: Starting RPCbind Server Activation Socket.
Apr  7 06:58:57 localhost systemd: Started Daily Cleanup of Temporary Directories.
Apr  7 06:58:57 localhost systemd: Starting Daily Cleanup of Temporary Directories.
Apr  7 06:58:57 localhost systemd: Reached target Timers.
Apr  7 06:58:57 localhost systemd: Starting Timers.
Apr  7 06:58:57 localhost systemd: Listening on D-Bus System Message Bus Socket.
Apr  7 06:58:57 localhost systemd: Starting D-Bus System Message Bus Socket.
Apr  7 06:58:57 localhost systemd: Reached target Sockets.
Apr  7 06:58:57 localhost systemd: Starting Sockets.
Apr  7 06:58:57 localhost systemd: Reached target Basic System.
Apr  7 06:58:57 localhost systemd: Starting Basic System.
Apr  7 06:58:57 localhost systemd: Starting Login Service...
Apr  7 06:58:57 localhost systemd: Starting OpenSSH Server Key Generation...
Apr  7 06:58:57 localhost systemd: Started D-Bus System Message Bus.
Apr  7 06:58:57 localhost dbus-daemon: dbus[633]: [system] Successfully activated service 'org.freedesktop.systemd1'
Apr  7 06:58:57 localhost dbus[633]: [system] Successfully activated service 'org.freedesktop.systemd1'
Apr  7 06:58:57 localhost systemd: Starting D-Bus System Message Bus...
Apr  7 06:58:57 localhost systemd: Started Load CPU microcode update.
Apr  7 06:58:57 localhost systemd: Starting NTP client/server...
Apr  7 06:58:57 localhost systemd: Starting Network Manager...
Apr  7 06:58:57 localhost systemd: Starting Dump dmesg to /var/log/dmesg...
Apr  7 06:58:57 localhost systemd: Starting GSSAPI Proxy Daemon...
Apr  7 06:58:57 localhost systemd: Started irqbalance daemon.
Apr  7 06:58:57 localhost systemd: Starting irqbalance daemon...
Apr  7 06:58:57 localhost systemd: Starting System Logging Service...
Apr  7 06:58:57 localhost systemd: Started Login Service.
Apr  7 06:58:57 localhost systemd-logind: New seat seat0.
Apr  7 06:58:57 localhost systemd-logind: Watching system buttons on /dev/input/event0 (Power Button)
Apr  7 06:58:57 localhost systemd: Started System Logging Service.
Apr  7 06:58:57 localhost systemd: Started Dump dmesg to /var/log/dmesg.
Apr  7 06:58:57 localhost chronyd[645]: chronyd version 2.1.1 starting (+CMDMON +NTP +REFCLOCK +RTC +PRIVDROP +DEBUG +ASYNCDNS +IPV6 +SECHASH)
Apr  7 06:58:57 localhost chronyd[645]: Generated key 1
Apr  7 06:58:57 localhost systemd: Started GSSAPI Proxy Daemon.
Apr  7 06:58:57 localhost systemd: Started RPC security service for NFS server.
Apr  7 06:58:57 localhost systemd: Started RPC security service for NFS client and server.
Apr  7 06:58:57 localhost systemd: Reached target NFS client services.
Apr  7 06:58:57 localhost systemd: Starting NFS client services.
Apr  7 06:58:57 localhost systemd: Reached target Remote File Systems (Pre).
Apr  7 06:58:57 localhost systemd: Starting Remote File Systems (Pre).
Apr  7 06:58:57 localhost NetworkManager[638]: <info>  NetworkManager (version 1.0.6-30.el7_2) is starting...
Apr  7 06:58:57 localhost NetworkManager[638]: <info>  Read config: /etc/NetworkManager/NetworkManager.conf and conf.d: 10-ibft-plugin.conf
Apr  7 06:58:57 localhost systemd: Reached target Remote File Systems.
Apr  7 06:58:57 localhost systemd: Starting Remote File Systems.
Apr  7 06:58:57 localhost systemd: Starting Permit User Sessions...
Apr  7 06:58:57 localhost systemd: Started Network Manager.
Apr  7 06:58:57 localhost systemd: Starting Network Manager Wait Online...
Apr  7 06:58:57 localhost NetworkManager[638]: <info>  Loaded settings plugin ifcfg-rh: (c) 2007 - 2015 Red Hat, Inc.  To report bugs please use the NetworkManager mailing list. (/usr/lib64/NetworkManager/libnm-settings-plugin-ifcfg-rh.so)
Apr  7 06:58:57 localhost NetworkManager[638]: <info>  Loaded settings plugin iBFT: (c) 2014 Red Hat, Inc.  To report bugs please use the NetworkManager mailing list. (/usr/lib64/NetworkManager/libnm-settings-plugin-ibft.so)
Apr  7 06:58:57 localhost NetworkManager[638]: <info>  Loaded settings plugin keyfile: (c) 2007 - 2015 Red Hat, Inc.  To report bugs please use the NetworkManager mailing list.
Apr  7 06:58:57 localhost NetworkManager[638]: <info>  ifcfg-rh: new connection /etc/sysconfig/network-scripts/ifcfg-eth0 (5fb06bd0-0bb0-7ffb-45f1-d6edd65f3e03,"System eth0")
Apr  7 06:58:57 localhost NetworkManager[638]: <info>  monitoring kernel firmware directory '/lib/firmware'.
Apr  7 06:58:57 localhost NetworkManager[638]: <info>  Loaded device plugin: NMVxlanFactory (internal)
Apr  7 06:58:57 localhost NetworkManager[638]: <info>  Loaded device plugin: NMVlanFactory (internal)
Apr  7 06:58:57 localhost NetworkManager[638]: <info>  Loaded device plugin: NMVethFactory (internal)
Apr  7 06:58:57 localhost NetworkManager[638]: <info>  Loaded device plugin: NMTunFactory (internal)
Apr  7 06:58:57 localhost NetworkManager[638]: <info>  Loaded device plugin: NMMacvlanFactory (internal)
Apr  7 06:58:57 localhost NetworkManager[638]: <info>  Loaded device plugin: NMInfinibandFactory (internal)
Apr  7 06:58:57 localhost NetworkManager[638]: <info>  Loaded device plugin: NMGreFactory (internal)
Apr  7 06:58:57 localhost NetworkManager[638]: <info>  Loaded device plugin: NMEthernetFactory (internal)
Apr  7 06:58:57 localhost NetworkManager[638]: <info>  Loaded device plugin: NMBridgeFactory (internal)
Apr  7 06:58:57 localhost NetworkManager[638]: <info>  Loaded device plugin: NMBondFactory (internal)
Apr  7 06:58:57 localhost NetworkManager[638]: <info>  Loaded device plugin: NMTeamFactory (/usr/lib64/NetworkManager/libnm-device-plugin-team.so)
Apr  7 06:58:57 localhost NetworkManager[638]: <info>  WiFi enabled by radio killswitch; enabled by state file
Apr  7 06:58:57 localhost NetworkManager[638]: <info>  WWAN enabled by radio killswitch; enabled by state file
Apr  7 06:58:57 localhost NetworkManager[638]: <info>  WiMAX enabled by radio killswitch; enabled by state file
Apr  7 06:58:57 localhost NetworkManager[638]: <info>  Networking is enabled by state file
Apr  7 06:58:57 localhost NetworkManager[638]: <info>  (lo): link connected
Apr  7 06:58:57 localhost NetworkManager[638]: <info>  (lo): new Generic device (carrier: ON, driver: 'unknown', ifindex: 1)
Apr  7 06:58:57 localhost NetworkManager[638]: <info>  (eth1): new Ethernet device (carrier: OFF, driver: 'virtio_net', ifindex: 3)
Apr  7 06:58:57 localhost NetworkManager[638]: <info>  (eth1): device state change: unmanaged -> unavailable (reason 'managed') [10 20 2]
Apr  7 06:58:57 localhost kernel: IPv6: ADDRCONF(NETDEV_UP): eth1: link is not ready
Apr  7 06:58:57 localhost NetworkManager[638]: <info>  (eth1): link connected
Apr  7 06:58:57 localhost NetworkManager[638]: <info>  ifcfg-rh: add connection in-memory (8047c4fd-abdd-45bb-81f0-30ac5e26c30c,"Wired connection 1")
Apr  7 06:58:57 localhost NetworkManager[638]: <info>  (eth1): created default wired connection 'Wired connection 1'
Apr  7 06:58:57 localhost NetworkManager[638]: <info>  (eth0): new Ethernet device (carrier: OFF, driver: 'virtio_net', ifindex: 2)
Apr  7 06:58:57 localhost NetworkManager[638]: <info>  (eth0): device state change: unmanaged -> unavailable (reason 'managed') [10 20 2]
Apr  7 06:58:57 localhost NetworkManager[638]: <info>  (eth0): link connected
Apr  7 06:58:57 localhost kernel: IPv6: ADDRCONF(NETDEV_UP): eth0: link is not ready
Apr  7 06:58:57 localhost dbus-daemon: dbus[633]: [system] Activating via systemd: service name='org.freedesktop.PolicyKit1' unit='polkit.service'
Apr  7 06:58:57 localhost dbus[633]: [system] Activating via systemd: service name='org.freedesktop.PolicyKit1' unit='polkit.service'
Apr  7 06:58:57 localhost dbus[633]: [system] Activating via systemd: service name='fi.w1.wpa_supplicant1' unit='wpa_supplicant.service'
Apr  7 06:58:57 localhost dbus-daemon: dbus[633]: [system] Activating via systemd: service name='fi.w1.wpa_supplicant1' unit='wpa_supplicant.service'
Apr  7 06:58:57 localhost systemd: Configuration file /usr/lib/systemd/system/wpa_supplicant.service is marked executable. Please remove executable permission bits. Proceeding anyway.
Apr  7 06:58:57 localhost systemd: Starting WPA Supplicant daemon...
Apr  7 06:58:57 localhost systemd: Starting Authorization Manager...
Apr  7 06:58:57 localhost NetworkManager[638]: <info>  (eth1): device state change: unavailable -> disconnected (reason 'none') [20 30 0]
Apr  7 06:58:57 localhost NetworkManager[638]: <info>  (eth0): device state change: unavailable -> disconnected (reason 'none') [20 30 0]
Apr  7 06:58:58 localhost NetworkManager[638]: <info>  Auto-activating connection 'Wired connection 1'.
Apr  7 06:58:58 localhost NetworkManager[638]: <info>  Auto-activating connection 'System eth0'.
Apr  7 06:58:58 localhost NetworkManager[638]: <info>  (eth1): Activation: starting connection 'Wired connection 1' (8047c4fd-abdd-45bb-81f0-30ac5e26c30c)
Apr  7 06:58:58 localhost NetworkManager[638]: <info>  (eth0): Activation: starting connection 'System eth0' (5fb06bd0-0bb0-7ffb-45f1-d6edd65f3e03)
Apr  7 06:58:58 localhost NetworkManager[638]: <info>  (eth1): device state change: disconnected -> prepare (reason 'none') [30 40 0]
Apr  7 06:58:58 localhost NetworkManager[638]: <info>  NetworkManager state is now CONNECTING
Apr  7 06:58:58 localhost NetworkManager[638]: <info>  (eth0): device state change: disconnected -> prepare (reason 'none') [30 40 0]
Apr  7 06:58:58 localhost NetworkManager[638]: <info>  (eth1): device state change: prepare -> config (reason 'none') [40 50 0]
Apr  7 06:58:58 localhost NetworkManager[638]: <info>  (eth0): device state change: prepare -> config (reason 'none') [40 50 0]
Apr  7 06:58:58 localhost NetworkManager[638]: <info>  (eth1): device state change: config -> ip-config (reason 'none') [50 70 0]
Apr  7 06:58:58 localhost systemd: Started Permit User Sessions.
Apr  7 06:58:58 localhost systemd: Starting Wait for Plymouth Boot Screen to Quit...
Apr  7 06:58:58 localhost systemd: Started Command Scheduler.
Apr  7 06:58:58 localhost systemd: Starting Command Scheduler...
Apr  7 06:58:58 localhost systemd: Starting Terminate Plymouth Boot Screen...
Apr  7 06:58:58 localhost NetworkManager[638]: <info>  Activation (eth1) Beginning DHCPv4 transaction (timeout in 45 seconds)
Apr  7 06:58:58 localhost polkitd[664]: Started polkitd version 0.112
Apr  7 06:58:58 localhost systemd: Started NTP client/server.
Apr  7 06:58:58 localhost NetworkManager[638]: <info>  dhclient started with pid 675
Apr  7 06:58:58 localhost NetworkManager[638]: <info>  (eth0): device state change: config -> ip-config (reason 'none') [50 70 0]
Apr  7 06:58:58 localhost NetworkManager[638]: <info>  Activation (eth0) Beginning DHCPv4 transaction (timeout in 45 seconds)
Apr  7 06:58:58 localhost NetworkManager[638]: <info>  dhclient started with pid 679
Apr  7 06:58:58 localhost systemd: Received SIGRTMIN+21 from PID 271 (plymouthd).
Apr  7 06:58:58 localhost dbus-daemon: dbus[633]: [system] Successfully activated service 'fi.w1.wpa_supplicant1'
Apr  7 06:58:58 localhost dbus[633]: [system] Successfully activated service 'fi.w1.wpa_supplicant1'
Apr  7 06:58:58 localhost systemd: Started WPA Supplicant daemon.
Apr  7 06:58:58 localhost systemd: Started Terminate Plymouth Boot Screen.
Apr  7 06:58:58 localhost systemd: Started Wait for Plymouth Boot Screen to Quit.
Apr  7 06:58:58 localhost systemd: Started Getty on tty1.
Apr  7 06:58:58 localhost systemd: Starting Getty on tty1...
Apr  7 06:58:58 localhost systemd: Started Serial Getty on ttyS0.
Apr  7 06:58:58 localhost systemd: Starting Serial Getty on ttyS0...
Apr  7 06:58:58 localhost systemd: Reached target Login Prompts.
Apr  7 06:58:58 localhost systemd: Starting Login Prompts.
Apr  7 06:58:58 localhost NetworkManager[638]: <info>  wpa_supplicant running
Apr  7 06:58:58 localhost dbus[633]: [system] Successfully activated service 'org.freedesktop.PolicyKit1'
Apr  7 06:58:58 localhost dbus-daemon: dbus[633]: [system] Successfully activated service 'org.freedesktop.PolicyKit1'
Apr  7 06:58:58 localhost systemd: Started Authorization Manager.
Apr  7 06:58:58 localhost sshd-keygen: Generating SSH2 RSA host key: [  OK  ]
Apr  7 06:58:58 localhost sshd-keygen: Generating SSH2 ECDSA host key: [  OK  ]
Apr  7 06:58:58 localhost dhclient[675]: DHCPDISCOVER on eth1 to 255.255.255.255 port 67 interval 5 (xid=0x7d8b8b4d)
Apr  7 06:58:58 localhost sshd-keygen: Generating SSH2 ED25519 host key: [  OK  ]
Apr  7 06:58:58 localhost dhclient[679]: DHCPDISCOVER on eth0 to 255.255.255.255 port 67 interval 7 (xid=0x187b7225)
Apr  7 06:58:58 localhost systemd: Started OpenSSH Server Key Generation.
Apr  7 06:59:00 localhost dhclient[675]: DHCPREQUEST on eth1 to 255.255.255.255 port 67 (xid=0x7d8b8b4d)
Apr  7 06:59:00 localhost dhclient[675]: DHCPOFFER from 192.168.200.1
Apr  7 06:59:00 localhost dhclient[675]: DHCPACK from 192.168.200.1 (xid=0x7d8b8b4d)
Apr  7 06:59:00 localhost NetworkManager[638]: <info>    address 192.168.200.153
Apr  7 06:59:00 localhost NetworkManager[638]: <info>    plen 24 (255.255.255.0)
Apr  7 06:59:00 localhost NetworkManager[638]: <info>    gateway 192.168.200.1
Apr  7 06:59:00 localhost NetworkManager[638]: <info>    server identifier 192.168.200.1
Apr  7 06:59:00 localhost NetworkManager[638]: <info>    lease time 3600
Apr  7 06:59:00 localhost NetworkManager[638]: <info>    nameserver '192.168.200.1'
Apr  7 06:59:00 localhost NetworkManager[638]: <info>  (eth1): DHCPv4 state changed unknown -> bound
Apr  7 06:59:00 localhost NetworkManager[638]: <info>  (eth1): device state change: ip-config -> ip-check (reason 'none') [70 80 0]
Apr  7 06:59:00 localhost dhclient[675]: bound to 192.168.200.153 -- renewal in 1513 seconds.
Apr  7 06:59:00 localhost dhclient[679]: DHCPREQUEST on eth0 to 255.255.255.255 port 67 (xid=0x187b7225)
Apr  7 06:59:00 localhost dhclient[679]: DHCPOFFER from 192.168.121.1
Apr  7 06:59:00 localhost dhclient[679]: DHCPACK from 192.168.121.1 (xid=0x187b7225)
Apr  7 06:59:00 localhost NetworkManager[638]: <info>  (eth1): device state change: ip-check -> secondaries (reason 'none') [80 90 0]
Apr  7 06:59:00 localhost NetworkManager[638]: <info>  (eth1): device state change: secondaries -> activated (reason 'none') [90 100 0]
Apr  7 06:59:00 localhost NetworkManager[638]: <info>  NetworkManager state is now CONNECTED_GLOBAL
Apr  7 06:59:00 localhost NetworkManager[638]: <info>  NetworkManager state is now CONNECTED_SITE
Apr  7 06:59:00 localhost NetworkManager[638]: <info>  NetworkManager state is now CONNECTED_GLOBAL
Apr  7 06:59:00 localhost NetworkManager[638]: <info>  Policy set 'Wired connection 1' (eth1) as default for IPv4 routing and DNS.
Apr  7 06:59:00 localhost NetworkManager[638]: <info>  (eth1): Activation: successful, device activated.
Apr  7 06:59:00 localhost dbus-daemon: dbus[633]: [system] Activating via systemd: service name='org.freedesktop.nm_dispatcher' unit='dbus-org.freedesktop.nm-dispatcher.service'
Apr  7 06:59:00 localhost dbus[633]: [system] Activating via systemd: service name='org.freedesktop.nm_dispatcher' unit='dbus-org.freedesktop.nm-dispatcher.service'
Apr  7 06:59:00 localhost NetworkManager[638]: <info>    address 192.168.121.159
Apr  7 06:59:00 localhost NetworkManager[638]: <info>    plen 24 (255.255.255.0)
Apr  7 06:59:00 localhost NetworkManager[638]: <info>    gateway 192.168.121.1
Apr  7 06:59:00 localhost NetworkManager[638]: <info>    server identifier 192.168.121.1
Apr  7 06:59:00 localhost NetworkManager[638]: <info>    lease time 3600
Apr  7 06:59:00 localhost NetworkManager[638]: <info>    nameserver '192.168.121.1'
Apr  7 06:59:00 localhost NetworkManager[638]: <info>  (eth0): DHCPv4 state changed unknown -> bound
Apr  7 06:59:00 localhost NetworkManager[638]: <info>  (eth0): device state change: ip-config -> ip-check (reason 'none') [70 80 0]
Apr  7 06:59:00 localhost systemd: Starting Network Manager Script Dispatcher Service...
Apr  7 06:59:00 localhost NetworkManager[638]: <info>  (eth0): device state change: ip-check -> secondaries (reason 'none') [80 90 0]
Apr  7 06:59:00 localhost NetworkManager[638]: <info>  (eth0): device state change: secondaries -> activated (reason 'none') [90 100 0]
Apr  7 06:59:00 localhost dhclient[679]: bound to 192.168.121.159 -- renewal in 1731 seconds.
Apr  7 06:59:01 localhost dbus[633]: [system] Successfully activated service 'org.freedesktop.nm_dispatcher'
Apr  7 06:59:01 localhost systemd: Started Network Manager Script Dispatcher Service.
Apr  7 06:59:01 localhost dbus-daemon: dbus[633]: [system] Successfully activated service 'org.freedesktop.nm_dispatcher'
Apr  7 06:59:01 localhost nm-dispatcher: Dispatching action 'up' for eth1
Apr  7 06:59:01 localhost NetworkManager[638]: <info>  (eth0): Activation: successful, device activated.
Apr  7 06:59:01 localhost nm-dispatcher: Dispatching action 'up' for eth0
Apr  7 06:59:03 localhost NetworkManager[638]: <info>  startup complete
Apr  7 06:59:03 localhost systemd: Started Network Manager Wait Online.
Apr  7 06:59:03 localhost systemd: Starting LSB: Bring up/down networking...
Apr  7 06:59:03 localhost network: Bringing up loopback interface:  Could not load file '/etc/sysconfig/network-scripts/ifcfg-lo'
Apr  7 06:59:03 localhost systemd: serial-getty@ttyS0.service holdoff time over, scheduling restart.
Apr  7 06:59:03 localhost systemd: Started Serial Getty on ttyS0.
Apr  7 06:59:03 localhost systemd: Starting Serial Getty on ttyS0...
Apr  7 06:59:03 localhost network: Could not load file '/etc/sysconfig/network-scripts/ifcfg-lo'
Apr  7 06:59:03 localhost network: Could not load file '/etc/sysconfig/network-scripts/ifcfg-lo'
Apr  7 06:59:03 localhost network: Could not load file '/etc/sysconfig/network-scripts/ifcfg-lo'
Apr  7 06:59:03 localhost network: [  OK  ]
Apr  7 06:59:03 localhost network: Bringing up interface eth0:  [  OK  ]
Apr  7 06:59:03 localhost systemd: Started LSB: Bring up/down networking.
Apr  7 06:59:03 localhost systemd: Reached target Network.
Apr  7 06:59:03 localhost systemd: Starting Network.
Apr  7 06:59:03 localhost systemd: Starting Notify NFS peers of a restart...
Apr  7 06:59:03 localhost systemd: Started OpenSSH server daemon.
Apr  7 06:59:03 localhost systemd: Starting OpenSSH server daemon...
Apr  7 06:59:03 localhost systemd: Starting Postfix Mail Transport Agent...
Apr  7 06:59:03 localhost systemd: Starting Dynamic System Tuning Daemon...
Apr  7 06:59:03 localhost systemd: Reached target Network is Online.
Apr  7 06:59:03 localhost systemd: Starting Network is Online.
Apr  7 06:59:03 localhost systemd: Starting Crash recovery kernel arming...
Apr  7 06:59:03 localhost sm-notify[936]: Version 1.3.0 starting
Apr  7 06:59:03 localhost systemd: Started Notify NFS peers of a restart.
Apr  7 06:59:03 localhost systemd: Started Dynamic System Tuning Daemon.
Apr  7 06:59:04 localhost systemd: Started Postfix Mail Transport Agent.
Apr  7 06:59:04 localhost systemd: Reached target Multi-User System.
Apr  7 06:59:04 localhost systemd: Starting Multi-User System.
Apr  7 06:59:04 localhost systemd: Started Stop Read-Ahead Data Collection 10s After Completed Startup.
Apr  7 06:59:04 localhost systemd: Starting Update UTMP about System Runlevel Changes...
Apr  7 06:59:04 localhost systemd: Started Update UTMP about System Runlevel Changes.
Apr  7 06:59:04 localhost kdumpctl: No kdump initial ramdisk found.
Apr  7 06:59:04 localhost kdumpctl: Rebuilding /boot/initramfs-3.10.0-327.28.3.el7.x86_64kdump.img
Apr  7 06:59:04 localhost systemd: Created slice user-1000.slice.
Apr  7 06:59:04 localhost systemd: Starting user-1000.slice.
Apr  7 06:59:04 localhost systemd: Started Session 1 of user vagrant.
Apr  7 06:59:04 localhost systemd: Starting Session 1 of user vagrant.
Apr  7 06:59:04 localhost systemd-logind: New session 1 of user vagrant.
Apr  7 06:59:04 localhost dracut: dracut-
Apr  7 06:59:04 localhost dracut: Executing: /usr/sbin/dracut --hostonly --hostonly-cmdline --hostonly-i18n -o "plymouth dash resume ifcfg" -f /boot/initramfs-3.10.0-327.28.3.el7.x86_64kdump.img 3.10.0-327.28.3.el7.x86_64
Apr  7 06:59:05 localhost dracut: dracut module 'busybox' will not be installed, because command 'busybox' could not be found!
Apr  7 06:59:05 localhost dracut: dracut module 'ifcfg' will not be installed, because it's in the list to be omitted!
Apr  7 06:59:05 localhost dracut: dracut module 'plymouth' will not be installed, because it's in the list to be omitted!
Apr  7 06:59:05 localhost dracut: dracut module 'crypt' will not be installed, because command 'cryptsetup' could not be found!
Apr  7 06:59:05 localhost dracut: dracut module 'dmraid' will not be installed, because command 'dmraid' could not be found!
Apr  7 06:59:05 localhost dracut: dracut module 'mdraid' will not be installed, because command 'mdadm' could not be found!
Apr  7 06:59:05 localhost dracut: dracut module 'multipath' will not be installed, because command 'multipath' could not be found!
Apr  7 06:59:05 localhost dracut: dracut module 'cifs' will not be installed, because command 'mount.cifs' could not be found!
Apr  7 06:59:05 localhost dracut: dracut module 'fcoe' will not be installed, because command 'dcbtool' could not be found!
Apr  7 06:59:05 localhost dracut: dracut module 'fcoe' will not be installed, because command 'fipvlan' could not be found!
Apr  7 06:59:05 localhost dracut: dracut module 'fcoe' will not be installed, because command 'lldpad' could not be found!
Apr  7 06:59:05 localhost dracut: dracut module 'fcoe' will not be installed, because command 'fcoemon' could not be found!
Apr  7 06:59:05 localhost dracut: dracut module 'fcoe' will not be installed, because command 'fcoeadm' could not be found!
Apr  7 06:59:05 localhost dracut: dracut module 'iscsi' will not be installed, because command 'iscsistart' could not be found!
Apr  7 06:59:05 localhost dracut: dracut module 'iscsi' will not be installed, because command 'iscsi-iname' could not be found!
Apr  7 06:59:05 localhost dracut: dracut module 'nbd' will not be installed, because command 'nbd-client' could not be found!
Apr  7 06:59:05 localhost dracut: dracut module 'resume' will not be installed, because it's in the list to be omitted!
Apr  7 06:59:05 localhost dracut: dracut module 'busybox' will not be installed, because command 'busybox' could not be found!
Apr  7 06:59:05 localhost dracut: dracut module 'crypt' will not be installed, because command 'cryptsetup' could not be found!
Apr  7 06:59:05 localhost dracut: dracut module 'dmraid' will not be installed, because command 'dmraid' could not be found!
Apr  7 06:59:05 localhost dracut: dracut module 'mdraid' will not be installed, because command 'mdadm' could not be found!
Apr  7 06:59:05 localhost dracut: dracut module 'multipath' will not be installed, because command 'multipath' could not be found!
Apr  7 06:59:05 localhost dracut: dracut module 'cifs' will not be installed, because command 'mount.cifs' could not be found!
Apr  7 06:59:05 localhost dracut: dracut module 'fcoe' will not be installed, because command 'dcbtool' could not be found!
Apr  7 06:59:05 localhost dracut: dracut module 'fcoe' will not be installed, because command 'fipvlan' could not be found!
Apr  7 06:59:05 localhost dracut: dracut module 'fcoe' will not be installed, because command 'lldpad' could not be found!
Apr  7 06:59:05 localhost dracut: dracut module 'fcoe' will not be installed, because command 'fcoemon' could not be found!
Apr  7 06:59:05 localhost dracut: dracut module 'fcoe' will not be installed, because command 'fcoeadm' could not be found!
Apr  7 06:59:05 localhost dracut: dracut module 'iscsi' will not be installed, because command 'iscsistart' could not be found!
Apr  7 06:59:05 localhost dracut: dracut module 'iscsi' will not be installed, because command 'iscsi-iname' could not be found!
Apr  7 06:59:05 localhost dracut: dracut module 'nbd' will not be installed, because command 'nbd-client' could not be found!
Apr  7 06:59:05 localhost dracut: *** Including module: bash ***
Apr  7 06:59:05 localhost dracut: *** Including module: nss-softokn ***
Apr  7 06:59:05 localhost dracut: *** Including module: i18n ***
Apr  7 06:59:05 localhost dracut: *** Including module: network ***
Apr  7 06:59:05 localhost systemd-logind: Removed session 1.
Apr  7 06:59:05 localhost systemd: Removed slice user-1000.slice.
Apr  7 06:59:05 localhost systemd: Stopping user-1000.slice.
Apr  7 06:59:06 localhost systemd: Created slice user-1000.slice.
Apr  7 06:59:06 localhost systemd: Starting user-1000.slice.
Apr  7 06:59:06 localhost systemd: Started Session 2 of user vagrant.
Apr  7 06:59:06 localhost systemd-logind: New session 2 of user vagrant.
Apr  7 06:59:06 localhost systemd: Starting Session 2 of user vagrant.
Apr  7 06:59:06 localhost dbus[633]: [system] Activating via systemd: service name='org.freedesktop.hostname1' unit='dbus-org.freedesktop.hostname1.service'
Apr  7 06:59:06 localhost systemd: Starting Hostname Service...
Apr  7 06:59:06 localhost dbus-daemon: dbus[633]: [system] Activating via systemd: service name='org.freedesktop.hostname1' unit='dbus-org.freedesktop.hostname1.service'
Apr  7 06:59:06 localhost systemd-udevd: Network interface NamePolicy= disabled on kernel command line, ignoring.
Apr  7 06:59:06 localhost dbus[633]: [system] Successfully activated service 'org.freedesktop.hostname1'
Apr  7 06:59:06 localhost systemd: Started Hostname Service.
Apr  7 06:59:06 localhost systemd-hostnamed: Changed host name to 'master'
Apr  7 06:59:06 localhost dbus-daemon: dbus[633]: [system] Successfully activated service 'org.freedesktop.hostname1'
Apr  7 06:59:06 localhost systemd: Stopping LSB: Bring up/down networking...
Apr  7 06:59:06 localhost dracut: *** Including module: drm ***
Apr  7 06:59:06 localhost NetworkManager[638]: <info>  (eth0): device state change: activated -> deactivating (reason 'user-requested') [100 110 39]
Apr  7 06:59:06 localhost NetworkManager[638]: <info>  (eth0): device state change: deactivating -> disconnected (reason 'user-requested') [110 30 39]
Apr  7 06:59:06 localhost dracut: *** Including module: dm ***
Apr  7 06:59:06 localhost NetworkManager[638]: <info>  (eth0): canceled DHCP transaction, DHCP client pid 679
Apr  7 06:59:06 localhost NetworkManager[638]: <info>  (eth0): DHCPv4 state changed bound -> done
Apr  7 06:59:06 localhost nm-dispatcher: Dispatching action 'down' for eth0
Apr  7 06:59:06 localhost network: Shutting down interface eth0:  Device 'eth0' successfully disconnected.
Apr  7 06:59:06 localhost network: [  OK  ]
Apr  7 06:59:06 localhost dracut: Skipping udev rule: 64-device-mapper.rules
Apr  7 06:59:06 localhost dracut: Skipping udev rule: 60-persistent-storage-dm.rules
Apr  7 06:59:06 localhost dracut: Skipping udev rule: 55-dm.rules
Apr  7 06:59:06 localhost network: Shutting down loopback interface:  Could not load file '/etc/sysconfig/network-scripts/ifcfg-lo'
Apr  7 06:59:06 localhost network: Could not load file '/etc/sysconfig/network-scripts/ifcfg-lo'
Apr  7 06:59:06 localhost dracut: *** Including module: kernel-modules ***
Apr  7 06:59:06 localhost network: Could not load file '/etc/sysconfig/network-scripts/ifcfg-lo'
Apr  7 06:59:06 localhost NetworkManager[638]: <info>  (lo): link disconnected
Apr  7 06:59:06 localhost network: Could not load file '/etc/sysconfig/network-scripts/ifcfg-lo'
Apr  7 06:59:06 localhost network: [  OK  ]
Apr  7 06:59:06 localhost systemd: Starting LSB: Bring up/down networking...
Apr  7 06:59:07 localhost network: Bringing up loopback interface:  Could not load file '/etc/sysconfig/network-scripts/ifcfg-lo'
Apr  7 06:59:07 localhost network: Could not load file '/etc/sysconfig/network-scripts/ifcfg-lo'
Apr  7 06:59:07 localhost NetworkManager[638]: <info>  (lo): link connected
Apr  7 06:59:07 localhost network: Could not load file '/etc/sysconfig/network-scripts/ifcfg-lo'
Apr  7 06:59:07 localhost network: Could not load file '/etc/sysconfig/network-scripts/ifcfg-lo'
Apr  7 06:59:07 localhost network: [  OK  ]
Apr  7 06:59:07 localhost NetworkManager[638]: <info>  (eth0): Activation: starting connection 'System eth0' (5fb06bd0-0bb0-7ffb-45f1-d6edd65f3e03)
Apr  7 06:59:07 localhost NetworkManager[638]: <info>  (eth0): device state change: disconnected -> prepare (reason 'none') [30 40 0]
Apr  7 06:59:07 localhost NetworkManager[638]: <info>  (eth0): device state change: prepare -> config (reason 'none') [40 50 0]
Apr  7 06:59:07 localhost NetworkManager[638]: <info>  (eth0): device state change: config -> ip-config (reason 'none') [50 70 0]
Apr  7 06:59:07 localhost NetworkManager[638]: <info>  Activation (eth0) Beginning DHCPv4 transaction (timeout in 45 seconds)
Apr  7 06:59:07 localhost NetworkManager[638]: <info>  dhclient started with pid 6223
Apr  7 06:59:07 localhost dhclient[6223]: DHCPREQUEST on eth0 to 255.255.255.255 port 67 (xid=0x65317b50)
Apr  7 06:59:07 localhost dhclient[6223]: DHCPACK from 192.168.121.1 (xid=0x65317b50)
Apr  7 06:59:07 localhost NetworkManager[638]: <info>    address 192.168.121.159
Apr  7 06:59:07 localhost NetworkManager[638]: <info>    plen 24 (255.255.255.0)
Apr  7 06:59:07 localhost NetworkManager[638]: <info>    gateway 192.168.121.1
Apr  7 06:59:07 localhost NetworkManager[638]: <info>    server identifier 192.168.121.1
Apr  7 06:59:07 localhost NetworkManager[638]: <info>    lease time 3600
Apr  7 06:59:07 localhost NetworkManager[638]: <info>    hostname 'master'
Apr  7 06:59:07 localhost NetworkManager[638]: <info>    nameserver '192.168.121.1'
Apr  7 06:59:07 localhost NetworkManager[638]: <info>  (eth0): DHCPv4 state changed unknown -> bound
Apr  7 06:59:07 localhost NetworkManager[638]: <info>  (eth0): device state change: ip-config -> ip-check (reason 'none') [70 80 0]
Apr  7 06:59:07 localhost NetworkManager[638]: <info>  (eth0): device state change: ip-check -> secondaries (reason 'none') [80 90 0]
Apr  7 06:59:07 localhost NetworkManager[638]: <info>  (eth0): device state change: secondaries -> activated (reason 'none') [90 100 0]
Apr  7 06:59:07 localhost dhclient[6223]: bound to 192.168.121.159 -- renewal in 1639 seconds.
Apr  7 06:59:07 localhost NetworkManager[638]: <info>  (eth0): Activation: successful, device activated.
Apr  7 06:59:07 localhost network: Bringing up interface eth0:  Connection successfully activated (D-Bus active path: /org/freedesktop/NetworkManager/ActiveConnection/2)
Apr  7 06:59:07 localhost nm-dispatcher: Dispatching action 'up' for eth0
Apr  7 06:59:07 localhost network: [  OK  ]
Apr  7 06:59:07 localhost systemd: Started LSB: Bring up/down networking.
Apr  7 06:59:07 localhost NetworkManager[638]: <info>  ifcfg-rh: new connection /etc/sysconfig/network-scripts/ifcfg-eth1 (9c92fad9-6ecb-3e6c-eb4d-8a47c6f50c04,"System eth1")
Apr  7 06:59:07 localhost NetworkManager[638]: <warn>  ifcfg-rh: Ignoring connection /etc/sysconfig/network-scripts/ifcfg-eth1 (9c92fad9-6ecb-3e6c-eb4d-8a47c6f50c04,"System eth1") / device 'eth1' due to NM_CONTROLLED=no.
Apr  7 06:59:07 localhost NetworkManager[638]: <info>  (eth1): device state change: activated -> unmanaged (reason 'unmanaged') [100 10 3]
Apr  7 06:59:07 localhost NetworkManager[638]: <info>  (eth1): canceled DHCP transaction, DHCP client pid 675
Apr  7 06:59:07 localhost NetworkManager[638]: <info>  (eth1): DHCPv4 state changed bound -> done
Apr  7 06:59:07 localhost NetworkManager[638]: <info>  NetworkManager state is now CONNECTED_LOCAL
Apr  7 06:59:07 localhost NetworkManager[638]: <info>  NetworkManager state is now CONNECTED_GLOBAL
Apr  7 06:59:07 localhost NetworkManager[638]: <info>  Policy set 'System eth0' (eth0) as default for IPv4 routing and DNS.
Apr  7 06:59:07 localhost NetworkManager[638]: <error> [1491548347.983261] [platform/nm-linux-platform.c:2883] do_change_link(): platform-linux: do-change-link: failure changing link 3: Address family not supported (11)
Apr  7 06:59:07 localhost NetworkManager[638]: <warn>  (eth1): failed to disable userspace IPv6LL address handling
Apr  7 06:59:08 localhost NetworkManager[638]: <info>  (eth1): link disconnected
Apr  7 06:59:08 localhost nm-dispatcher: Dispatching action 'down' for eth1
Apr  7 06:59:08 localhost NetworkManager[638]: <info>  (eth1): link connected
Apr  7 06:59:09 localhost systemd: Started Session 3 of user vagrant.
Apr  7 06:59:09 localhost systemd-logind: New session 3 of user vagrant.
Apr  7 06:59:09 localhost systemd: Starting Session 3 of user vagrant.
Apr  7 06:59:09 localhost dracut: *** Including module: lvm ***
Apr  7 06:59:09 localhost dracut: Skipping udev rule: 64-device-mapper.rules
Apr  7 06:59:09 localhost dracut: Skipping udev rule: 56-lvm.rules
Apr  7 06:59:09 localhost dracut: Skipping udev rule: 60-persistent-storage-lvm.rules
Apr  7 06:59:09 localhost systemd: Stopping OpenSSH server daemon...
Apr  7 06:59:09 localhost systemd: Stopping OpenSSH Server Key Generation...
Apr  7 06:59:09 localhost systemd: Started OpenSSH Server Key Generation.
Apr  7 06:59:09 localhost systemd: Started OpenSSH server daemon.
Apr  7 06:59:09 localhost systemd: Starting OpenSSH server daemon...
Apr  7 06:59:09 localhost dracut: *** Including module: qemu ***
Apr  7 06:59:09 localhost dracut: *** Including module: qemu-net ***
Apr  7 06:59:09 localhost dracut: *** Including module: rootfs-block ***
Apr  7 06:59:09 localhost dracut: *** Including module: terminfo ***
Apr  7 06:59:09 localhost dracut: *** Including module: udev-rules ***
Apr  7 06:59:09 localhost dbus[633]: avc:  received setenforce notice (enforcing=0)
Apr  7 06:59:09 localhost dbus-daemon: dbus[633]: avc:  received setenforce notice (enforcing=0)
Apr  7 06:59:09 localhost systemd: Configuration file /usr/lib/systemd/system/ebtables.service is marked executable. Please remove executable permission bits. Proceeding anyway.
Apr  7 06:59:09 localhost systemd: Stopped firewalld - dynamic firewall daemon.
Apr  7 06:59:09 localhost systemd: Stopping Network Manager...
Apr  7 06:59:09 localhost NetworkManager[638]: <info>  caught SIGTERM, shutting down normally.
Apr  7 06:59:09 localhost NetworkManager[638]: <info>  exiting (success)
Apr  7 06:59:09 localhost systemd: Stopped Network Manager.
Apr  7 06:59:09 localhost systemd: Configuration file /usr/lib/systemd/system/ebtables.service is marked executable. Please remove executable permission bits. Proceeding anyway.
Apr  7 06:59:09 localhost systemd: Configuration file /usr/lib/systemd/system/ebtables.service is marked executable. Please remove executable permission bits. Proceeding anyway.
Apr  7 06:59:09 localhost systemd: Configuration file /usr/lib/systemd/system/ebtables.service is marked executable. Please remove executable permission bits. Proceeding anyway.
Apr  7 06:59:10 localhost systemd: Reloading.
Apr  7 06:59:10 localhost systemd: Configuration file /usr/lib/systemd/system/auditd.service is marked world-inaccessible. This has no effect as configuration data is accessible via APIs without restrictions. Proceeding anyway.
Apr  7 06:59:10 localhost systemd: Configuration file /usr/lib/systemd/system/wpa_supplicant.service is marked executable. Please remove executable permission bits. Proceeding anyway.
Apr  7 06:59:10 localhost dracut: Skipping udev rule: 91-permissions.rules
Apr  7 06:59:10 localhost dracut: *** Including module: biosdevname ***
Apr  7 06:59:10 localhost dracut: *** Including module: systemd ***
Apr  7 06:59:10 localhost dracut: *** Including module: usrmount ***
Apr  7 06:59:10 localhost dracut: *** Including module: base ***
Apr  7 06:59:10 localhost dracut: *** Including module: fs-lib ***
Apr  7 06:59:10 localhost dracut: *** Including module: kdumpbase ***
Apr  7 06:59:10 localhost dracut: *** Including module: shutdown ***
Apr  7 06:59:10 localhost dracut: *** Including modules done ***
Apr  7 06:59:11 localhost dracut: *** Installing kernel module dependencies and firmware ***
Apr  7 06:59:11 localhost dracut: *** Installing kernel module dependencies and firmware done ***
Apr  7 06:59:11 localhost dracut: *** Resolving executable dependencies ***
Apr  7 06:59:12 localhost systemd: Configuration file /usr/lib/systemd/system/ebtables.service is marked executable. Please remove executable permission bits. Proceeding anyway.
Apr  7 06:59:12 localhost systemd: Configuration file /usr/lib/systemd/system/ebtables.service is marked executable. Please remove executable permission bits. Proceeding anyway.
Apr  7 06:59:12 localhost systemd: Stopped firewalld - dynamic firewall daemon.
Apr  7 06:59:12 localhost systemd: Configuration file /usr/lib/systemd/system/ebtables.service is marked executable. Please remove executable permission bits. Proceeding anyway.
Apr  7 06:59:12 localhost systemd: Configuration file /usr/lib/systemd/system/ebtables.service is marked executable. Please remove executable permission bits. Proceeding anyway.
Apr  7 06:59:12 localhost yum[8899]: Erased: firewalld-0.3.9-14.el7.noarch
Apr  7 06:59:12 localhost dbus[633]: [system] Reloaded configuration
Apr  7 06:59:12 localhost dbus-daemon: dbus[633]: [system] Reloaded configuration
Apr  7 06:59:12 localhost systemd: Reloading.
Apr  7 06:59:12 localhost systemd: Configuration file /usr/lib/systemd/system/auditd.service is marked world-inaccessible. This has no effect as configuration data is accessible via APIs without restrictions. Proceeding anyway.
Apr  7 06:59:12 localhost systemd: Configuration file /usr/lib/systemd/system/wpa_supplicant.service is marked executable. Please remove executable permission bits. Proceeding anyway.
Apr  7 06:59:12 localhost dracut: *** Resolving executable dependencies done***
Apr  7 06:59:12 localhost dracut: *** Hardlinking files ***
Apr  7 06:59:12 localhost dracut: *** Hardlinking files done ***
Apr  7 06:59:12 localhost dracut: *** Stripping files ***
Apr  7 06:59:13 localhost dracut: *** Stripping files done ***
Apr  7 06:59:13 localhost dracut: *** Generating early-microcode cpio image ***
Apr  7 06:59:13 localhost dracut: *** Constructing GenuineIntel.bin ****
Apr  7 06:59:14 localhost dracut: *** Store current command line parameters ***
Apr  7 06:59:14 localhost dracut: *** Creating image file ***
Apr  7 06:59:14 localhost yum[8899]: Erased: 1:NetworkManager-team-1.0.6-30.el7_2.x86_64
Apr  7 06:59:14 localhost yum[8899]: Erased: 1:NetworkManager-tui-1.0.6-30.el7_2.x86_64
Apr  7 06:59:15 localhost systemd: Stopped Network Manager Wait Online.
Apr  7 06:59:15 localhost nm-dispatcher: Caught signal 15, shutting down...
Apr  7 06:59:15 localhost systemd: Stopping Network Manager Script Dispatcher Service...
Apr  7 06:59:15 localhost systemd: Stopped Network Manager Script Dispatcher Service.
Apr  7 06:59:15 localhost dbus[633]: [system] Reloaded configuration
Apr  7 06:59:15 localhost dbus-daemon: dbus[633]: [system] Reloaded configuration
Apr  7 06:59:15 localhost dbus[633]: [system] Reloaded configuration
Apr  7 06:59:15 localhost dbus-daemon: dbus[633]: [system] Reloaded configuration
Apr  7 06:59:15 localhost yum[8899]: Erased: 1:NetworkManager-1.0.6-30.el7_2.x86_64
Apr  7 06:59:15 localhost systemd: Reloading.
Apr  7 06:59:15 localhost systemd: Configuration file /usr/lib/systemd/system/auditd.service is marked world-inaccessible. This has no effect as configuration data is accessible via APIs without restrictions. Proceeding anyway.
Apr  7 06:59:15 localhost systemd: Configuration file /usr/lib/systemd/system/wpa_supplicant.service is marked executable. Please remove executable permission bits. Proceeding anyway.
Apr  7 06:59:18 localhost yum[11031]: Installed: epel-release-7-9.noarch
Apr  7 06:59:23 localhost dracut: *** Creating image file done ***
Apr  7 06:59:23 localhost kdumpctl: cat: write error: Broken pipe
Apr  7 06:59:28 localhost kdumpctl: kexec: loaded kdump kernel
Apr  7 06:59:28 localhost kdumpctl: Starting kdump: [OK]
Apr  7 06:59:28 localhost systemd: Started Crash recovery kernel arming.
Apr  7 06:59:28 localhost systemd: Startup finished in 432ms (kernel) + 1.127s (initrd) + 31.569s (userspace) = 33.129s.
Apr  7 06:59:36 localhost systemd-udevd: Network interface NamePolicy= disabled on kernel command line, ignoring.
Apr  7 07:00:00 localhost yum[11033]: Installed: oniguruma-5.9.5-3.el7.x86_64
Apr  7 07:00:01 localhost yum[11033]: Installed: jq-1.5-1.el7.x86_64
Apr  7 07:00:10 localhost yum[12478]: Installed: GeoIP-1.5.0-11.el7.x86_64
Apr  7 07:00:10 localhost yum[12478]: Updated: 32:bind-license-9.9.4-38.el7_3.2.noarch
Apr  7 07:00:11 localhost yum[12478]: Installed: 32:bind-libs-9.9.4-38.el7_3.2.x86_64
Apr  7 07:00:11 localhost yum[12478]: Installed: 32:bind-utils-9.9.4-38.el7_3.2.x86_64
Apr  7 07:00:12 localhost yum[12478]: Updated: 32:bind-libs-lite-9.9.4-38.el7_3.2.x86_64
Apr  7 07:00:12 localhost systemd: Reloading.
Apr  7 07:00:12 localhost systemd: Configuration file /usr/lib/systemd/system/auditd.service is marked world-inaccessible. This has no effect as configuration data is accessible via APIs without restrictions. Proceeding anyway.
Apr  7 07:00:12 localhost systemd: Configuration file /usr/lib/systemd/system/wpa_supplicant.service is marked executable. Please remove executable permission bits. Proceeding anyway.
Apr  7 07:00:12 localhost yum[12478]: Installed: net-tools-2.0-0.17.20131004git.el7.x86_64
Apr  7 07:00:41 localhost yum[12512]: Updated: audit-libs-2.6.5-3.el7_3.1.x86_64
Apr  7 07:00:42 localhost systemd: Reexecuting.
Apr  7 07:00:42 localhost systemd: systemd 219 running in system mode. (+PAM +AUDIT +SELINUX +IMA -APPARMOR +SMACK +SYSVINIT +UTMP +LIBCRYPTSETUP +GCRYPT +GNUTLS +ACL +XZ -LZ4 -SECCOMP +BLKID +ELFUTILS +KMOD +IDN)
Apr  7 07:00:42 localhost systemd: Detected virtualization kvm.
Apr  7 07:00:42 localhost systemd: Detected architecture x86-64.
Apr  7 07:00:42 localhost systemd: Configuration file /usr/lib/systemd/system/auditd.service is marked world-inaccessible. This has no effect as configuration data is accessible via APIs without restrictions. Proceeding anyway.
Apr  7 07:00:42 localhost systemd: Configuration file /usr/lib/systemd/system/wpa_supplicant.service is marked executable. Please remove executable permission bits. Proceeding anyway.
Apr  7 07:00:42 localhost yum[12512]: Updated: libsepol-2.5-6.el7.x86_64
Apr  7 07:00:43 localhost systemd: Stopping Command Scheduler...
Apr  7 07:00:43 localhost systemd: Started Command Scheduler.
Apr  7 07:00:43 localhost systemd: Starting Command Scheduler...
Apr  7 07:00:43 localhost yum[12512]: Updated: libselinux-2.5-6.el7.x86_64
Apr  7 07:00:43 localhost yum[12512]: Updated: libsemanage-2.5-5.1.el7_3.x86_64
Apr  7 07:00:44 localhost yum[12512]: Updated: systemd-libs-219-30.el7_3.7.x86_64
Apr  7 07:00:44 localhost systemd: Closed udev Control Socket.
Apr  7 07:00:44 localhost systemd: Stopping udev Control Socket.
Apr  7 07:00:44 localhost systemd: Closed udev Kernel Socket.
Apr  7 07:00:44 localhost systemd: Stopping udev Kernel Socket.
Apr  7 07:00:44 localhost systemd: Stopping udev Kernel Device Manager...
Apr  7 07:00:44 localhost systemd: Stopped udev Kernel Device Manager.
Apr  7 07:00:44 localhost dbus[633]: Encountered error 'Failed to open "/etc/dbus-1/system.d/org.freedesktop.locale1.conf": Permission denied' while parsing '/etc/dbus-1/system.d/org.freedesktop.locale1.conf'
Apr  7 07:00:44 localhost dbus[633]: Encountered error 'Failed to open "/etc/dbus-1/system.d/org.freedesktop.systemd1.conf": Permission denied' while parsing '/etc/dbus-1/system.d/org.freedesktop.systemd1.conf'
Apr  7 07:00:44 localhost dbus[633]: [system] Reloaded configuration
Apr  7 07:00:44 localhost dbus[633]: [system] Reloaded configuration
Apr  7 07:00:44 localhost dbus[633]: [system] Reloaded configuration
Apr  7 07:00:44 localhost dbus-daemon: dbus[633]: Encountered error 'Failed to open "/etc/dbus-1/system.d/org.freedesktop.locale1.conf": Permission denied' while parsing '/etc/dbus-1/system.d/org.freedesktop.locale1.conf'
Apr  7 07:00:44 localhost dbus-daemon: dbus[633]: Encountered error 'Failed to open "/etc/dbus-1/system.d/org.freedesktop.systemd1.conf": Permission denied' while parsing '/etc/dbus-1/system.d/org.freedesktop.systemd1.conf'
Apr  7 07:00:44 localhost dbus-daemon: dbus[633]: [system] Reloaded configuration
Apr  7 07:00:44 localhost dbus-daemon: dbus[633]: [system] Reloaded configuration
Apr  7 07:00:44 localhost dbus-daemon: dbus[633]: [system] Reloaded configuration
Apr  7 07:00:45 localhost dbus[633]: [system] Reloaded configuration
Apr  7 07:00:45 localhost dbus[633]: [system] Reloaded configuration
Apr  7 07:00:45 localhost dbus[633]: [system] Reloaded configuration
Apr  7 07:00:45 localhost dbus-daemon: dbus[633]: [system] Reloaded configuration
Apr  7 07:00:45 localhost dbus-daemon: dbus[633]: [system] Reloaded configuration
Apr  7 07:00:45 localhost dbus-daemon: dbus[633]: [system] Reloaded configuration
Apr  7 07:00:46 localhost systemd: Reexecuting.
Apr  7 07:00:46 localhost systemd: systemd 219 running in system mode. (+PAM +AUDIT +SELINUX +IMA -APPARMOR +SMACK +SYSVINIT +UTMP +LIBCRYPTSETUP +GCRYPT +GNUTLS +ACL +XZ -LZ4 -SECCOMP +BLKID +ELFUTILS +KMOD +IDN)
Apr  7 07:00:46 localhost systemd: Detected virtualization kvm.
Apr  7 07:00:46 localhost systemd: Detected architecture x86-64.
Apr  7 07:00:46 localhost systemd: Configuration file /usr/lib/systemd/system/auditd.service is marked world-inaccessible. This has no effect as configuration data is accessible via APIs without restrictions. Proceeding anyway.
Apr  7 07:00:46 localhost systemd: Configuration file /usr/lib/systemd/system/wpa_supplicant.service is marked executable. Please remove executable permission bits. Proceeding anyway.
Apr  7 07:00:46 localhost systemd: Listening on udev Kernel Socket.
Apr  7 07:00:46 localhost systemd: Starting udev Kernel Socket.
Apr  7 07:00:46 localhost systemd: Listening on udev Control Socket.
Apr  7 07:00:46 localhost systemd: Starting udev Control Socket.
Apr  7 07:00:46 localhost systemd: Starting udev Kernel Device Manager...
Apr  7 07:00:46 localhost systemd-udevd: starting version 219
Apr  7 07:00:46 localhost systemd-udevd: Network interface NamePolicy= disabled on kernel command line, ignoring.
Apr  7 07:00:46 localhost systemd: Started udev Kernel Device Manager.
Apr  7 07:00:47 localhost yum[12512]: Updated: systemd-219-30.el7_3.7.x86_64
Apr  7 07:00:47 localhost yum[12512]: Updated: libselinux-utils-2.5-6.el7.x86_64
Apr  7 07:00:48 localhost yum[12512]: Updated: policycoreutils-2.5-11.el7_3.x86_64
Apr  7 07:00:49 localhost yum[12512]: Updated: selinux-policy-3.13.1-102.el7_3.16.noarch
Apr  7 07:00:49 localhost yum[12512]: Installed: 2:docker-common-1.12.6-11.el7.centos.x86_64
Apr  7 07:00:50 localhost yum[12512]: Installed: 2:docker-client-1.12.6-11.el7.centos.x86_64
Apr  7 07:00:52 localhost systemd: Reexecuting.
Apr  7 07:00:52 localhost systemd: systemd 219 running in system mode. (+PAM +AUDIT +SELINUX +IMA -APPARMOR +SMACK +SYSVINIT +UTMP +LIBCRYPTSETUP +GCRYPT +GNUTLS +ACL +XZ -LZ4 -SECCOMP +BLKID +ELFUTILS +KMOD +IDN)
Apr  7 07:00:52 localhost systemd: Detected virtualization kvm.
Apr  7 07:00:52 localhost systemd: Detected architecture x86-64.
Apr  7 07:00:52 localhost systemd: Configuration file /usr/lib/systemd/system/auditd.service is marked world-inaccessible. This has no effect as configuration data is accessible via APIs without restrictions. Proceeding anyway.
Apr  7 07:00:52 localhost systemd: Configuration file /usr/lib/systemd/system/wpa_supplicant.service is marked executable. Please remove executable permission bits. Proceeding anyway.
Apr  7 07:00:58 localhost kernel: SELinux:  Context unconfined_u:unconfined_r:sandbox_t:s0-s0:c0.c1023 became invalid (unmapped).
Apr  7 07:00:58 localhost kernel: SELinux:  Context system_u:unconfined_r:sandbox_t:s0-s0:c0.c1023 became invalid (unmapped).
Apr  7 07:00:59 localhost dbus[633]: avc:  received policyload notice (seqno=2)
Apr  7 07:00:59 localhost dbus-daemon: dbus[633]: avc:  received policyload notice (seqno=2)
Apr  7 07:00:59 localhost dbus-daemon: dbus[633]: [system] Reloaded configuration
Apr  7 07:00:59 localhost dbus[633]: [system] Reloaded configuration
Apr  7 07:00:59 localhost yum[12512]: Updated: selinux-policy-targeted-3.13.1-102.el7_3.16.noarch
Apr  7 07:01:00 localhost yum[12512]: Installed: 1:oci-register-machine-0-1.11.gitdd0daef.el7.x86_64
Apr  7 07:01:01 localhost yum[12512]: Updated: systemd-sysv-219-30.el7_3.7.x86_64
Apr  7 07:01:01 localhost systemd: Created slice user-0.slice.
Apr  7 07:01:01 localhost systemd: Starting user-0.slice.
Apr  7 07:01:01 localhost systemd: Started Session 4 of user root.
Apr  7 07:01:01 localhost systemd: Starting Session 4 of user root.
Apr  7 07:01:01 localhost yum[12512]: Installed: libcgroup-0.41-11.el7.x86_64
Apr  7 07:01:02 localhost yum[12512]: Installed: libsemanage-python-2.5-5.1.el7_3.x86_64
Apr  7 07:01:03 localhost yum[12512]: Installed: setools-libs-3.3.8-1.1.el7.x86_64
Apr  7 07:01:03 localhost yum[12512]: Updated: libselinux-python-2.5-6.el7.x86_64
Apr  7 07:01:04 localhost yum[12512]: Installed: audit-libs-python-2.6.5-3.el7_3.1.x86_64
Apr  7 07:01:04 localhost yum[12512]: Installed: checkpolicy-2.5-4.el7.x86_64
Apr  7 07:01:04 localhost yum[12512]: Installed: 1:skopeo-containers-0.1.18-1.el7.x86_64
Apr  7 07:01:05 localhost yum[12512]: Installed: yajl-2.0.4-4.el7.x86_64
Apr  7 07:01:05 localhost yum[12512]: Installed: 1:oci-systemd-hook-0.1.4-9.git671c428.el7.x86_64
Apr  7 07:01:05 localhost yum[12512]: Installed: python-IPy-0.75-6.el7.noarch
Apr  7 07:01:06 localhost dbus[633]: [system] Reloaded configuration
Apr  7 07:01:06 localhost dbus-daemon: dbus[633]: [system] Reloaded configuration
Apr  7 07:01:06 localhost yum[12512]: Installed: policycoreutils-python-2.5-11.el7_3.x86_64
Apr  7 07:01:07 localhost dbus[633]: avc:  received policyload notice (seqno=3)
Apr  7 07:01:07 localhost dbus-daemon: dbus[633]: avc:  received policyload notice (seqno=3)
Apr  7 07:01:07 localhost dbus[633]: [system] Reloaded configuration
Apr  7 07:01:07 localhost dbus-daemon: dbus[633]: [system] Reloaded configuration
Apr  7 07:01:07 localhost setsebool: The virt_use_nfs policy boolean was changed to 1 by root
Apr  7 07:01:07 localhost setsebool: The virt_sandbox_use_all_caps policy boolean was changed to 1 by root
Apr  7 07:01:24 localhost chronyd[645]: Source 61.216.153.107 replaced with 51.15.41.135
Apr  7 07:01:36 localhost kernel: SELinux:  Context unconfined_u:system_r:gear_t:s0-s0:c0.c1023 became invalid (unmapped).
Apr  7 07:01:36 localhost kernel: SELinux:  Context system_u:system_r:gear_t:s0-s0:c0.c1023 became invalid (unmapped).
Apr  7 07:01:37 localhost dbus[633]: avc:  received policyload notice (seqno=4)
Apr  7 07:01:37 localhost dbus[633]: [system] Reloaded configuration
Apr  7 07:01:37 localhost dbus-daemon: dbus[633]: avc:  received policyload notice (seqno=4)
Apr  7 07:01:37 localhost dbus-daemon: dbus[633]: [system] Reloaded configuration
Apr  7 07:01:37 localhost yum[12512]: Installed: 2:container-selinux-2.9-4.el7.noarch
Apr  7 07:01:37 localhost yum[12512]: Installed: libseccomp-2.3.1-2.el7.x86_64
Apr  7 07:01:41 localhost systemd: Reloading.
